 tbb_debug

 Timestamp is 5a4da811 (Wed Jan  3 20:05:37 2018)

 Preferred load address is 10000000

 Start         Length     Name                   Class
 0001:00000000 00004c70H .text$di                CODE
 0001:00004c70 00052600H .text$mn                CODE
 0001:00057270 000035e0H .text$x                 CODE
 0001:0005a850 0000103dH .text$yd                CODE
 0002:00000000 00000104H .CRT$XCA                DATA
 0002:00000104 00000130H .CRT$XCU                DATA
 0002:00000234 00000104H .CRT$XCZ                DATA
 0002:00000338 00000104H .CRT$XIA                DATA
 0002:0000043c 00000104H .CRT$XIZ                DATA
 0002:00000540 00000104H .CRT$XPA                DATA
 0002:00000644 00000104H .CRT$XPZ                DATA
 0002:00000748 00000104H .CRT$XTA                DATA
 0002:0000084c 00000104H .CRT$XTZ                DATA
 0002:00000950 0000daf4H .rdata                  DATA
 0002:0000e444 0000159cH .rdata$r                DATA
 0002:0000f9e0 0000042cH .rdata$sxdata           DATA
 0002:0000fe0c 000001a8H .rdata$zzzdbg           DATA
 0002:0000ffb4 00000104H .rtc$IAA                DATA
 0002:000100b8 000001a8H .rtc$IMZ                DATA
 0002:00010260 00000104H .rtc$IZZ                DATA
 0002:00010364 00000104H .rtc$TAA                DATA
 0002:00010468 000001a8H .rtc$TMZ                DATA
 0002:00010610 00000108H .rtc$TZZ                DATA
 0002:00010718 00002cd8H .xdata$x                DATA
 0002:000133f0 000048f5H .edata                  DATA
 0003:00000000 000014d0H .data                   DATA
 0003:000014d0 00000a90H .data$r                 DATA
 0003:00001f60 000020a8H .bss                    DATA
 0004:00000000 000002f8H .idata$5                DATA
 0004:000002f8 00000050H .idata$2                DATA
 0004:00000348 00000014H .idata$3                DATA
 0004:0000035c 000002f8H .idata$4                DATA
 0004:00000654 00000baeH .idata$6                DATA
 0005:00000000 0000014aH .gfids$y                DATA
 0006:00000000 00000104H .00cfg                  DATA
 0007:00000000 000001c0H .rsrc$01                DATA
 0007:000001c0 00000769H .rsrc$02                DATA

  Address         Publics by Value              Rva+Base       Lib:Object

 0000:00000000       ___dynamic_value_reloc_table 00000000     <absolute>
 0000:00000000       ___guard_iat_table         00000000     <absolute>
 0000:00000000       ___guard_longjmp_table     00000000     <absolute>
 0000:00000000       ___guard_longjmp_count     00000000     <absolute>
 0000:00000000       ___guard_iat_count         00000000     <absolute>
 0000:00000000       ___guard_fids_table        00000000     <absolute>
 0000:00000000       ___guard_fids_count        00000000     <absolute>
 0000:000000a9       ___safe_se_handler_count   000000a9     <absolute>
 0000:00000100       ___guard_flags             00000100     <absolute>
 0000:00000000       ___ImageBase               10000000     <linker-defined>
 0001:00004c70       ??$__TBB_load_with_acquire@H@internal@tbb@@YAHADH@Z 10005c70 f i concurrent_hash_map.obj
 0001:00004c90       ??$to_bits_ref@$$CDI@?$atomic_impl@I@internal@tbb@@CAAAHADI@Z 10005c90 f i concurrent_hash_map.obj
 0001:00004cc0       ??$to_value@I@?$atomic_impl@I@internal@tbb@@CAIH@Z 10005cc0 f i concurrent_hash_map.obj
 0001:00004d40       ??0?$converter@I@?$atomic_impl@I@internal@tbb@@QAE@XZ 10005d40 f i concurrent_hash_map.obj
 0001:00004d60       ??0?$ptr_converter@PDI@?$atomic_impl@I@internal@tbb@@QAE@PDI@Z 10005d60 f i concurrent_hash_map.obj
 0001:00004d90       ??B?$atomic_impl@I@internal@tbb@@QDEIXZ 10005d90 f i concurrent_hash_map.obj
 0001:00004de0       ?__empty_global_delete@@YAXPAX@Z 10005de0 f i concurrent_hash_map.obj
 0001:00004df0       ?__empty_global_delete@@YAXPAXI@Z 10005df0 f i concurrent_hash_map.obj
 0001:00004df0       ?__global_delete@@YAXPAXI@Z 10005df0 f i concurrent_hash_map.obj
 0001:00004e00       ?internal_grow_predicate@hash_map_segment_base@internal@tbb@@QBE_NXZ 10005e00 f   concurrent_hash_map.obj
 0001:00004e70       ?load_with_acquire@?$machine_load_store@H$03@internal@tbb@@SAHADH@Z 10005e70 f i concurrent_hash_map.obj
 0001:00004e90       ??$__TBB_load_relaxed@I@internal@tbb@@YAIADI@Z 10005e90 f i concurrent_queue.obj
 0001:00004eb0       ??$__TBB_load_with_acquire@C@internal@tbb@@YACADC@Z 10005eb0 f i concurrent_queue.obj
 0001:00004ed0       ??$__TBB_store_relaxed@IH@internal@tbb@@YAXACIH@Z 10005ed0 f i concurrent_queue.obj
 0001:00004f00       ??$__TBB_store_with_release@CC@internal@tbb@@YAXACCC@Z 10005f00 f i concurrent_queue.obj
 0001:00004f30       ??$__TBB_store_with_release@HH@internal@tbb@@YAXACHH@Z 10005f30 f i concurrent_queue.obj
 0001:00004f60       ??$compare_and_swap@$0A@@?$atomic_impl@I@internal@tbb@@QAEIII@Z 10005f60 f i concurrent_queue.obj
 0001:00004fc0       ??$fetch_and_add@$0A@@?$atomic_impl_with_arithmetic@IID@internal@tbb@@QAEII@Z 10005fc0 f i concurrent_queue.obj
 0001:00005000       ??$is_power_of_two@I@internal@tbb@@YA_NI@Z 10006000 f i concurrent_queue.obj
 0001:00005040       ??$modulo_power_of_two@II@internal@tbb@@YAIII@Z 10006040 f i concurrent_queue.obj
 0001:000050a0       ??$notify@Upredicate_leq@internal@tbb@@@concurrent_monitor@internal@tbb@@QAEXABUpredicate_leq@12@@Z 100060a0 f i concurrent_queue.obj
 0001:000050e0       ??$notify_relaxed@Upredicate_leq@internal@tbb@@@concurrent_monitor@internal@tbb@@QAEXABUpredicate_leq@12@@Z 100060e0 f i concurrent_queue.obj
 0001:00005330       ??$punned_cast@PAVbinary_semaphore@internal@tbb@@V?$aligned_space@Vbinary_semaphore@internal@tbb@@$00@3@@internal@tbb@@YAPAVbinary_semaphore@01@PAV?$aligned_space@Vbinary_semaphore@internal@tbb@@$00@1@@Z 10006330 f i concurrent_queue.obj
 0001:00005350       ??$spin_wait_until_eq@U?$atomic@I@tbb@@I@internal@tbb@@YAXADU?$atomic@I@1@I@Z 10006350 f i concurrent_queue.obj
 0001:000053f0       ??$spin_wait_while_eq@U?$atomic@I@tbb@@I@internal@tbb@@YAXADU?$atomic@I@1@I@Z 100063f0 f i concurrent_queue.obj
 0001:00005490       ??$suppress_unused_warning@E@internal@tbb@@YAXABE@Z 10006490 f i concurrent_queue.obj
 0001:000054a0       ??$to_bits@I@?$atomic_impl@I@internal@tbb@@CAHI@Z 100064a0 f i concurrent_queue.obj
 0001:000054d0       ??$to_bits@PAUpage@concurrent_queue_base_v3@internal@tbb@@@?$atomic_impl@PAUpage@concurrent_queue_base_v3@internal@tbb@@@internal@tbb@@CAHPAUpage@concurrent_queue_base_v3@12@@Z 100064d0 f i concurrent_queue.obj
 0001:00005500       ??$to_bits@_N@?$atomic_impl@_N@internal@tbb@@CAC_N@Z 10006500 f i concurrent_queue.obj
 0001:00005540       ??$to_bits_ref@$$CD_N@?$atomic_impl@_N@internal@tbb@@CAAACAD_N@Z 10006540 f i concurrent_queue.obj
 0001:00005570       ??$to_bits_ref@I@?$atomic_impl@I@internal@tbb@@CAAAHAAI@Z 10006570 f i concurrent_queue.obj
 0001:000055a0       ??$to_bits_ref@PAUpage@concurrent_queue_base_v3@internal@tbb@@@?$atomic_impl@PAUpage@concurrent_queue_base_v3@internal@tbb@@@internal@tbb@@CAAAHAAPAUpage@concurrent_queue_base_v3@12@@Z 100065a0 f i concurrent_queue.obj
 0001:000055d0       ??$to_bits_ref@SAUpage@concurrent_queue_base_v3@internal@tbb@@@?$atomic_impl@PAUpage@concurrent_queue_base_v3@internal@tbb@@@internal@tbb@@CAAAHADSAUpage@concurrent_queue_base_v3@12@@Z 100065d0 f i concurrent_queue.obj
 0001:00005600       ??$to_bits_ref@_N@?$atomic_impl@_N@internal@tbb@@CAAACAA_N@Z 10006600 f i concurrent_queue.obj
 0001:00005630       ??$to_value@PAUpage@concurrent_queue_base_v3@internal@tbb@@@?$atomic_impl@PAUpage@concurrent_queue_base_v3@internal@tbb@@@internal@tbb@@CAPAUpage@concurrent_queue_base_v3@12@H@Z 10006630 f i concurrent_queue.obj
 0001:000056b0       ??$to_value@_N@?$atomic_impl@_N@internal@tbb@@CA_NC@Z 100066b0 f i concurrent_queue.obj
 0001:00005730       ??0?$cache_aligned_allocator@Vconcurrent_queue_iterator_rep@internal@tbb@@@tbb@@QAE@XZ 10006730 f i concurrent_queue.obj
 0001:00005750       ??0?$cache_aligned_allocator@Vconcurrent_queue_rep@internal@tbb@@@tbb@@QAE@XZ 10006750 f i concurrent_queue.obj
 0001:00005770       ??0?$converter@I@?$atomic_impl@I@internal@tbb@@QAE@I@Z 10006770 f i concurrent_queue.obj
 0001:000057a0       ??0?$converter@PAUpage@concurrent_queue_base_v3@internal@tbb@@@?$atomic_impl@PAUpage@concurrent_queue_base_v3@internal@tbb@@@internal@tbb@@QAE@PAUpage@concurrent_queue_base_v3@23@@Z 100067a0 f i concurrent_queue.obj
 0001:000057d0       ??0?$converter@PAUpage@concurrent_queue_base_v3@internal@tbb@@@?$atomic_impl@PAUpage@concurrent_queue_base_v3@internal@tbb@@@internal@tbb@@QAE@XZ 100067d0 f i concurrent_queue.obj
 0001:000057f0       ??0?$converter@_N@?$atomic_impl@_N@internal@tbb@@QAE@XZ 100067f0 f i concurrent_queue.obj
 0001:00005810       ??0?$converter@_N@?$atomic_impl@_N@internal@tbb@@QAE@_N@Z 10006810 f i concurrent_queue.obj
 0001:00005840       ??0?$ptr_converter@PAI@?$atomic_impl@I@internal@tbb@@QAE@PAI@Z 10006840 f i concurrent_queue.obj
 0001:00005870       ??0?$ptr_converter@PAPAUpage@concurrent_queue_base_v3@internal@tbb@@@?$atomic_impl@PAUpage@concurrent_queue_base_v3@internal@tbb@@@internal@tbb@@QAE@PAPAUpage@concurrent_queue_base_v3@23@@Z 10006870 f i concurrent_queue.obj
 0001:000058a0       ??0?$ptr_converter@PA_N@?$atomic_impl@_N@internal@tbb@@QAE@PA_N@Z 100068a0 f i concurrent_queue.obj
 0001:000058d0       ??0?$ptr_converter@PDSAUpage@concurrent_queue_base_v3@internal@tbb@@@?$atomic_impl@PAUpage@concurrent_queue_base_v3@internal@tbb@@@internal@tbb@@QAE@PDSAUpage@concurrent_queue_base_v3@23@@Z 100068d0 f i concurrent_queue.obj
 0001:00005900       ??0?$ptr_converter@PD_N@?$atomic_impl@_N@internal@tbb@@QAE@PD_N@Z 10006900 f i concurrent_queue.obj
 0001:00005930       ??0atomic_backoff@internal@tbb@@QAE@XZ 10006930 f i concurrent_queue.obj
 0001:00005970       ??0atomic_backoff@internal@tbb@@QAE@_N@Z 10006970 f i concurrent_queue.obj
 0001:000059c0       ??0circular_doubly_linked_list_with_sentinel@internal@tbb@@QAE@XZ 100069c0 f i concurrent_queue.obj
 0001:00005a10       ??0concurrent_monitor@internal@tbb@@QAE@XZ 10006a10 f i concurrent_queue.obj
 0001:00005ac0       ??0concurrent_queue_base_v3@internal@tbb@@IAE@I@Z 10006ac0 f   concurrent_queue.obj
 0001:00005e20       ??0concurrent_queue_iterator_base_v3@internal@tbb@@IAE@ABVconcurrent_queue_base_v3@12@@Z 10006e20 f   concurrent_queue.obj
 0001:00005e60       ??0concurrent_queue_iterator_base_v3@internal@tbb@@IAE@ABVconcurrent_queue_base_v3@12@I@Z 10006e60 f   concurrent_queue.obj
 0001:00005ea0       ??0concurrent_queue_iterator_rep@internal@tbb@@QAE@ABVconcurrent_queue_base_v3@12@I@Z 10006ea0 f i concurrent_queue.obj
 0001:00005f60       ??0micro_queue_pop_finalizer@internal@tbb@@QAE@AAUmicro_queue@12@AAVconcurrent_queue_base_v3@12@IPAUpage@412@@Z 10006f60 f i concurrent_queue.obj
 0001:00005fc0       ??0mutex_copy_deprecated_and_disabled@internal@tbb@@QAE@XZ 10006fc0 f i concurrent_queue.obj
 0001:00005ff0       ??0no_copy@internal@tbb@@QAE@XZ 10006ff0 f i concurrent_queue.obj
 0001:00006010       ??0node_t@circular_doubly_linked_list_with_sentinel@internal@tbb@@QAE@XZ 10007010 f i concurrent_queue.obj
 0001:00006050       ??0predicate_leq@internal@tbb@@QAE@I@Z 10007050 f i concurrent_queue.obj
 0001:00006080       ??0scoped_lock@spin_mutex@tbb@@QAE@AAV12@@Z 10007080 f i concurrent_queue.obj
 0001:000060f0       ??0spin_mutex@tbb@@QAE@XZ  100070f0 f i concurrent_queue.obj
 0001:00006140       ??0thread_context@concurrent_monitor@internal@tbb@@QAE@XZ 10007140 f i concurrent_queue.obj
 0001:000061d0       ??1binary_semaphore@internal@tbb@@QAE@XZ 100071d0 f i concurrent_queue.obj
 0001:00006210       ??1circular_doubly_linked_list_with_sentinel@internal@tbb@@QAE@XZ 10007210 f i concurrent_queue.obj
 0001:000062b0       ??1concurrent_queue_base_v3@internal@tbb@@MAE@XZ 100072b0 f   concurrent_queue.obj
 0001:000063c0       ??1concurrent_queue_iterator_base_v3@internal@tbb@@IAE@XZ 100073c0 f   concurrent_queue.obj
 0001:00006450       ??1micro_queue_pop_finalizer@internal@tbb@@QAE@XZ 10007450 f i concurrent_queue.obj
 0001:000065b0       ??1scoped_lock@spin_mutex@tbb@@QAE@XZ 100075b0 f i concurrent_queue.obj
 0001:00006620       ??1thread_context@concurrent_monitor@internal@tbb@@QAE@XZ 10007620 f i concurrent_queue.obj
 0001:000066c0       ??2@YAPAXIPAX@Z            100076c0 f i concurrent_queue.obj
 0001:000066d0       ??3@YAXPAX0@Z              100076d0 f i concurrent_queue.obj
 0001:000066e0       ??4?$atomic@I@tbb@@QAEAAU01@ABU01@@Z 100076e0 f i concurrent_queue.obj
 0001:00006720       ??4?$atomic@I@tbb@@QAEII@Z 10007720 f i concurrent_queue.obj
 0001:00006760       ??4?$atomic@PAUpage@concurrent_queue_base_v3@internal@tbb@@@tbb@@QAEPAUpage@concurrent_queue_base_v3@internal@1@PAU2341@@Z 10007760 f i concurrent_queue.obj
 0001:000067a0       ??4?$atomic@_N@tbb@@QAE_N_N@Z 100077a0 f i concurrent_queue.obj
 0001:000067e0       ??B?$atomic_impl@PAUpage@concurrent_queue_base_v3@internal@tbb@@@internal@tbb@@QDEPAUpage@concurrent_queue_base_v3@12@XZ 100077e0 f i concurrent_queue.obj
 0001:00006830       ??B?$atomic_impl@_N@internal@tbb@@QDE_NXZ 10007830 f i concurrent_queue.obj
 0001:00006880       ??E?$atomic_impl_with_arithmetic@IID@internal@tbb@@QAEIH@Z 10007880 f i concurrent_queue.obj
 0001:000068c0       ??E?$atomic_impl_with_arithmetic@IID@internal@tbb@@QAEIXZ 100078c0 f i concurrent_queue.obj
 0001:00006900       ??F?$atomic_impl_with_arithmetic@IID@internal@tbb@@QAEIH@Z 10007900 f i concurrent_queue.obj
 0001:00006940       ??F?$atomic_impl_with_arithmetic@IID@internal@tbb@@QAEIXZ 10007940 f i concurrent_queue.obj
 0001:00006980       ??Rpredicate_leq@internal@tbb@@QBE_NI@Z 10007980 f i concurrent_queue.obj
 0001:000069d0       ??Y?$atomic_impl_with_arithmetic@IID@internal@tbb@@QAEII@Z 100079d0 f i concurrent_queue.obj
 0001:00006a10       ??_Gbinary_semaphore@internal@tbb@@QAEPAXI@Z 10007a10 f i concurrent_queue.obj
 0001:00006a60       ??_Gconcurrent_queue_base_v3@internal@tbb@@MAEPAXI@Z 10007a60 f i concurrent_queue.obj
 0001:00006a60       ??_Econcurrent_queue_base_v3@internal@tbb@@MAEPAXI@Z 10007a60 f i concurrent_queue.obj
 0001:00006ab0       ?P@binary_semaphore@internal@tbb@@QAEXXZ 10007ab0 f i concurrent_queue.obj
 0001:00006b00       ?V@binary_semaphore@internal@tbb@@QAEXXZ 10007b00 f i concurrent_queue.obj
 0001:00006c20       ?__TBB_store_relaxed@internal@tbb@@YAXACII@Z 10007c20 f i concurrent_queue.obj
 0001:00006c50       ?abort_all@concurrent_monitor@internal@tbb@@QAEXXZ 10007c50 f i concurrent_queue.obj
 0001:00006c90       ?abort_push@micro_queue@internal@tbb@@QAEXIAAVconcurrent_queue_base_v3@23@@Z 10007c90 f   concurrent_queue.obj
 0001:00006cd0       ?add@circular_doubly_linked_list_with_sentinel@internal@tbb@@QAEXPAUnode_t@123@@Z 10007cd0 f i concurrent_queue.obj
 0001:00006d50       ?advance@concurrent_queue_iterator_base_v3@internal@tbb@@IAEXXZ 10007d50 f   concurrent_queue.obj
 0001:00006f00       ?allocate@?$cache_aligned_allocator@Vconcurrent_queue_iterator_rep@internal@tbb@@@tbb@@QAEPAVconcurrent_queue_iterator_rep@internal@2@IPBX@Z 10007f00 f i concurrent_queue.obj
 0001:00006f40       ?allocate@?$cache_aligned_allocator@Vconcurrent_queue_rep@internal@tbb@@@tbb@@QAEPAVconcurrent_queue_rep@internal@2@IPBX@Z 10007f40 f i concurrent_queue.obj
 0001:00006f80       ?assign@concurrent_queue_base_v3@internal@tbb@@IAEXABV123@@Z 10007f80 f   concurrent_queue.obj
 0001:00006fc0       ?assign@concurrent_queue_iterator_base_v3@internal@tbb@@IAEXABV123@@Z 10007fc0 f   concurrent_queue.obj
 0001:000070c0       ?assign@micro_queue@internal@tbb@@QAEAAU123@ABU123@AAVconcurrent_queue_base_v3@23@W4copy_specifics@423@@Z 100080c0 f   concurrent_queue.obj
 0001:00007480       ?atomic_fence@tbb@@YAXXZ   10008480 f i concurrent_queue.obj
 0001:00007490       ?begin@?$aligned_space@Vbinary_semaphore@internal@tbb@@$00@tbb@@QAEPAVbinary_semaphore@internal@2@XZ 10008490 f i concurrent_queue.obj
 0001:000074d0       ?choose@concurrent_queue_rep@internal@tbb@@QAEAAUmicro_queue@23@I@Z 100084d0 f i concurrent_queue.obj
 0001:00007520       ?clear@circular_doubly_linked_list_with_sentinel@internal@tbb@@QAEXXZ 10008520 f i concurrent_queue.obj
 0001:00007590       ?commit_wait@concurrent_monitor@internal@tbb@@QAE_NAAVthread_context@123@@Z 10008590 f i concurrent_queue.obj
 0001:000076b0       ?compare_and_swap@?$atomic_impl@I@internal@tbb@@QAEIII@Z 100086b0 f i concurrent_queue.obj
 0001:000076f0       ?compare_and_swap@?$atomic_traits@$03$0A@@internal@tbb@@SAHPCXHH@Z 100086f0 f i concurrent_queue.obj
 0001:00007720       ?deallocate@?$cache_aligned_allocator@Vconcurrent_queue_iterator_rep@internal@tbb@@@tbb@@QAEXPAVconcurrent_queue_iterator_rep@internal@2@I@Z 10008720 f i concurrent_queue.obj
 0001:00007760       ?deallocate@?$cache_aligned_allocator@Vconcurrent_queue_rep@internal@tbb@@@tbb@@QAEXPAVconcurrent_queue_rep@internal@2@I@Z 10008760 f i concurrent_queue.obj
 0001:000077a0       ?empty@circular_doubly_linked_list_with_sentinel@internal@tbb@@QBE_NXZ 100087a0 f i concurrent_queue.obj
 0001:00007800       ?end@circular_doubly_linked_list_with_sentinel@internal@tbb@@QBEPBUnode_t@123@XZ 10008800 f i concurrent_queue.obj
 0001:00007820       ?fetch_and_add@?$atomic_impl_with_arithmetic@IID@internal@tbb@@QAEII@Z 10008820 f i concurrent_queue.obj
 0001:00007860       ?fetch_and_add@?$atomic_traits@$03$0A@@internal@tbb@@SAHPCXH@Z 10008860 f i concurrent_queue.obj
 0001:00007890       ?front@circular_doubly_linked_list_with_sentinel@internal@tbb@@QBEPAUnode_t@123@XZ 10008890 f i concurrent_queue.obj
 0001:000078b0       ?get_item@concurrent_queue_iterator_rep@internal@tbb@@QAE_NAAPAXI@Z 100088b0 f i concurrent_queue.obj
 0001:000079e0       ?index@concurrent_queue_rep@internal@tbb@@SAII@Z 100089e0 f i concurrent_queue.obj
 0001:00007a00       ?initialize@concurrent_queue_iterator_base_v3@internal@tbb@@AAEXABVconcurrent_queue_base_v3@23@I@Z 10008a00 f   concurrent_queue.obj
 0001:00007b30       ?internal_abort@concurrent_queue_base_v3@internal@tbb@@IAEXXZ 10008b30 f   concurrent_queue.obj
 0001:00007b90       ?internal_assign@concurrent_queue_base_v3@internal@tbb@@IAEXABV123@W4copy_specifics@123@@Z 10008b90 f   concurrent_queue.obj
 0001:00007d20       ?internal_empty@concurrent_queue_base_v3@internal@tbb@@IBE_NXZ 10008d20 f   concurrent_queue.obj
 0001:00007de0       ?internal_finish_clear@concurrent_queue_base_v3@internal@tbb@@IAEXXZ 10008de0 f   concurrent_queue.obj
 0001:00007f10       ?internal_insert_if_not_full@concurrent_queue_base_v3@internal@tbb@@IAE_NPBXW4copy_specifics@123@@Z 10008f10 f   concurrent_queue.obj
 0001:00008010       ?internal_insert_item@concurrent_queue_base_v3@internal@tbb@@IAEXPBXW4copy_specifics@123@@Z 10009010 f   concurrent_queue.obj
 0001:00008390       ?internal_pop@concurrent_queue_base_v3@internal@tbb@@IAEXPAX@Z 10009390 f   concurrent_queue.obj
 0001:00008680       ?internal_pop_if_present@concurrent_queue_base_v3@internal@tbb@@IAE_NPAX@Z 10009680 f   concurrent_queue.obj
 0001:00008780       ?internal_push@concurrent_queue_base_v3@internal@tbb@@IAEXPBX@Z 10009780 f   concurrent_queue.obj
 0001:000087c0       ?internal_push_if_not_full@concurrent_queue_base_v3@internal@tbb@@IAE_NPBX@Z 100097c0 f   concurrent_queue.obj
 0001:00008800       ?internal_push_move@concurrent_queue_base_v8@internal@tbb@@IAEXPBX@Z 10009800 f   concurrent_queue.obj
 0001:00008840       ?internal_push_move_if_not_full@concurrent_queue_base_v8@internal@tbb@@IAE_NPBX@Z 10009840 f   concurrent_queue.obj
 0001:00008880       ?internal_set_capacity@concurrent_queue_base_v3@internal@tbb@@IAEXHI@Z 10009880 f   concurrent_queue.obj
 0001:000088d0       ?internal_size@concurrent_queue_base_v3@internal@tbb@@IBEHXZ 100098d0 f   concurrent_queue.obj
 0001:00008970       ?internal_throw_exception@concurrent_queue_base_v3@internal@tbb@@IBEXXZ 10009970 f   concurrent_queue.obj
 0001:000089a0       ?last@circular_doubly_linked_list_with_sentinel@internal@tbb@@QBEPAUnode_t@123@XZ 100099a0 f i concurrent_queue.obj
 0001:000089c0       ?load@?$machine_load_store_relaxed@I$03@internal@tbb@@SAIADI@Z 100099c0 f i concurrent_queue.obj
 0001:000089d0       ?load_with_acquire@?$machine_load_store@C$00@internal@tbb@@SACADC@Z 100099d0 f i concurrent_queue.obj
 0001:000089f0       ?make_copy@micro_queue@internal@tbb@@QAEPAUpage@concurrent_queue_base_v3@23@AAV523@PBU4523@IIAAIW4copy_specifics@523@@Z 100099f0 f   concurrent_queue.obj
 0001:00008b40       ?make_invalid@micro_queue@internal@tbb@@QAEXI@Z 10009b40 f   concurrent_queue.obj
 0001:00008ca0       ?move_content@concurrent_queue_base_v8@internal@tbb@@IAEXAAV123@@Z 10009ca0 f   concurrent_queue.obj
 0001:00008ce0       ?pause@atomic_backoff@internal@tbb@@QAEXXZ 10009ce0 f i concurrent_queue.obj
 0001:00008d50       ?pop@micro_queue@internal@tbb@@QAE_NPAXIAAVconcurrent_queue_base_v3@23@@Z 10009d50 f   concurrent_queue.obj
 0001:00008fe0       ?push@micro_queue@internal@tbb@@QAEXPBXIAAVconcurrent_queue_base_v3@23@W4copy_specifics@423@@Z 10009fe0 f   concurrent_queue.obj
 0001:000093e0       ?remove@circular_doubly_linked_list_with_sentinel@internal@tbb@@QAEXAAUnode_t@123@@Z 1000a3e0 f i concurrent_queue.obj
 0001:00009450       ?semaphore@thread_context@concurrent_monitor@internal@tbb@@QAEAAVbinary_semaphore@34@XZ 1000a450 f i concurrent_queue.obj
 0001:00009480       ?size@circular_doubly_linked_list_with_sentinel@internal@tbb@@QBEIXZ 1000a480 f i concurrent_queue.obj
 0001:000094a0       ?store@?$machine_load_store_relaxed@I$03@internal@tbb@@SAXACII@Z 1000a4a0 f i concurrent_queue.obj
 0001:000094b0       ?store_with_release@?$atomic_impl@I@internal@tbb@@IAEII@Z 1000a4b0 f i concurrent_queue.obj
 0001:00009510       ?store_with_release@?$atomic_impl@PAUpage@concurrent_queue_base_v3@internal@tbb@@@internal@tbb@@IAEPAUpage@concurrent_queue_base_v3@23@PAU4523@@Z 1000a510 f i concurrent_queue.obj
 0001:00009570       ?store_with_release@?$atomic_impl@_N@internal@tbb@@IAE_N_N@Z 1000a570 f i concurrent_queue.obj
 0001:000095d0       ?store_with_release@?$machine_load_store@C$00@internal@tbb@@SAXACCC@Z 1000a5d0 f i concurrent_queue.obj
 0001:000095e0       ?store_with_release@?$machine_load_store@H$03@internal@tbb@@SAXACHH@Z 1000a5e0 f i concurrent_queue.obj
 0001:000095f0       ?throw_exception@internal@tbb@@YAXW4exception_id@12@@Z 1000a5f0 f i concurrent_queue.obj
 0001:00009610       ?to_thread_context@concurrent_monitor@internal@tbb@@AAEPAVthread_context@123@PAUnode_t@circular_doubly_linked_list_with_sentinel@23@@Z 1000a610 f i concurrent_queue.obj
 0001:00009630       ??$?9Usegment_allocated@concurrent_vector_base_v3@internal@tbb@@@internal@tbb@@YA_NABVsegment_value_t@concurrent_vector_base_v3@01@Usegment_allocated@301@@Z 1000a630 f i concurrent_vector.obj
 0001:00009690       ??$?9Usegment_not_used@concurrent_vector_base_v3@internal@tbb@@@internal@tbb@@YA_NABVsegment_value_t@concurrent_vector_base_v3@01@Usegment_not_used@301@@Z 1000a690 f i concurrent_vector.obj
 0001:000096f0       ??$_Construct@Vsegment_t@concurrent_vector_base_v3@internal@tbb@@ABV1234@@std@@YAXPAVsegment_t@concurrent_vector_base_v3@internal@tbb@@ABV1234@@Z 1000a6f0 f i concurrent_vector.obj
 0001:000097c0       ??$_Copy_no_deprecate1@PAVsegment_t@concurrent_vector_base_v3@internal@tbb@@PAV1234@@std@@YAPAVsegment_t@concurrent_vector_base_v3@internal@tbb@@PAV1234@00Urandom_access_iterator_tag@0@1@Z 1000a7c0 f i concurrent_vector.obj
 0001:00009810       ??$_Copy_no_deprecate1@PAVsegment_t@concurrent_vector_base_v3@internal@tbb@@V?$_Array_iterator@Vsegment_t@concurrent_vector_base_v3@internal@tbb@@$0CA@@std@@@std@@YA?AV?$_Array_iterator@Vsegment_t@concurrent_vector_base_v3@internal@tbb@@$0CA@@0@PAVsegment_t@concurrent_vector_base_v3@internal@tbb@@0V10@Urandom_access_iterator_tag@0@2@Z 1000a810 f i concurrent_vector.obj
 0001:00009940       ??$_Copy_no_deprecate@PAVsegment_t@concurrent_vector_base_v3@internal@tbb@@PAV1234@@std@@YAPAVsegment_t@concurrent_vector_base_v3@internal@tbb@@PAV1234@00@Z 1000a940 f i concurrent_vector.obj
 0001:000099d0       ??$_Copy_no_deprecate@PAVsegment_t@concurrent_vector_base_v3@internal@tbb@@V?$_Array_iterator@Vsegment_t@concurrent_vector_base_v3@internal@tbb@@$0CA@@std@@@std@@YA?AV?$_Array_iterator@Vsegment_t@concurrent_vector_base_v3@internal@tbb@@$0CA@@0@PAVsegment_t@concurrent_vector_base_v3@internal@tbb@@0V10@@Z 1000a9d0 f i concurrent_vector.obj
 0001:00009b10       ??$_Copy_unchecked1@PAVsegment_t@concurrent_vector_base_v3@internal@tbb@@PAV1234@@std@@YAPAVsegment_t@concurrent_vector_base_v3@internal@tbb@@PAV1234@00U_General_ptr_iterator_tag@0@@Z 1000ab10 f i concurrent_vector.obj
 0001:00009b60       ??$_Copy_unchecked@PAVsegment_t@concurrent_vector_base_v3@internal@tbb@@PAV1234@@std@@YAPAVsegment_t@concurrent_vector_base_v3@internal@tbb@@PAV1234@00@Z 1000ab60 f i concurrent_vector.obj
 0001:00009bc0       ??$_Debug_pointer@V?$_Array_iterator@Vsegment_t@concurrent_vector_base_v3@internal@tbb@@$0CA@@std@@@std@@YAXAAV?$_Array_iterator@Vsegment_t@concurrent_vector_base_v3@internal@tbb@@$0CA@@0@PB_WI@Z 1000abc0 f i concurrent_vector.obj
 0001:00009bd0       ??$_Debug_pointer@Vsegment_t@concurrent_vector_base_v3@internal@tbb@@@std@@YAXPAVsegment_t@concurrent_vector_base_v3@internal@tbb@@PB_WI@Z 1000abd0 f i concurrent_vector.obj
 0001:00009c10       ??$_Debug_range_ptr2@PAVsegment_t@concurrent_vector_base_v3@internal@tbb@@PAV1234@@std@@YAXPAVsegment_t@concurrent_vector_base_v3@internal@tbb@@0AAPAV1234@PB_WIUrandom_access_iterator_tag@0@@Z 1000ac10 f i concurrent_vector.obj
 0001:00009cb0       ??$_Debug_range_ptr2@PAVsegment_t@concurrent_vector_base_v3@internal@tbb@@V?$_Array_iterator@Vsegment_t@concurrent_vector_base_v3@internal@tbb@@$0CA@@std@@@std@@YAXPAVsegment_t@concurrent_vector_base_v3@internal@tbb@@0AAV?$_Array_iterator@Vsegment_t@concurrent_vector_base_v3@internal@tbb@@$0CA@@0@PB_WIUrandom_access_iterator_tag@0@@Z 1000acb0 f i concurrent_vector.obj
 0001:00009d50       ??$_Debug_range_ptr@PAVsegment_t@concurrent_vector_base_v3@internal@tbb@@PAV1234@@std@@YAXPAVsegment_t@concurrent_vector_base_v3@internal@tbb@@0AAPAV1234@PB_WI@Z 1000ad50 f i concurrent_vector.obj
 0001:00009da0       ??$_Debug_range_ptr@PAVsegment_t@concurrent_vector_base_v3@internal@tbb@@V?$_Array_iterator@Vsegment_t@concurrent_vector_base_v3@internal@tbb@@$0CA@@std@@@std@@YAXPAVsegment_t@concurrent_vector_base_v3@internal@tbb@@0AAV?$_Array_iterator@Vsegment_t@concurrent_vector_base_v3@internal@tbb@@$0CA@@0@PB_WI@Z 1000ada0 f i concurrent_vector.obj
 0001:00009df0       ??$_Destroy@PAVsegment_t@concurrent_vector_base_v3@internal@tbb@@@std@@YAXPAVsegment_t@concurrent_vector_base_v3@internal@tbb@@@Z 1000adf0 f i concurrent_vector.obj
 0001:00009e10       ??$_Destroy_range1@PAVsegment_t@concurrent_vector_base_v3@internal@tbb@@@std@@YAXPAVsegment_t@concurrent_vector_base_v3@internal@tbb@@0U?$integral_constant@_N$0A@@0@@Z 1000ae10 f i concurrent_vector.obj
 0001:00009e50       ??$_Destroy_range@PAVsegment_t@concurrent_vector_base_v3@internal@tbb@@@std@@YAXPAVsegment_t@concurrent_vector_base_v3@internal@tbb@@0@Z 1000ae50 f i concurrent_vector.obj
 0001:00009e90       ??$_Fill_memset_is_safe@PAVsegment_t@concurrent_vector_base_v3@internal@tbb@@V1234@@std@@YA?AU?$integral_constant@_N$0A@@0@ABQAVsegment_t@concurrent_vector_base_v3@internal@tbb@@ABV2345@@Z 1000ae90 f i concurrent_vector.obj
 0001:00009eb0       ??$_Fill_n_unchecked1@PAVsegment_t@concurrent_vector_base_v3@internal@tbb@@IV1234@@std@@YAPAVsegment_t@concurrent_vector_base_v3@internal@tbb@@PAV1234@IABV1234@U?$integral_constant@_N$0A@@0@@Z 1000aeb0 f i concurrent_vector.obj
 0001:00009f00       ??$_Fill_n_unchecked@PAVsegment_t@concurrent_vector_base_v3@internal@tbb@@IV1234@@std@@YAPAVsegment_t@concurrent_vector_base_v3@internal@tbb@@PAV1234@IABV1234@@Z 1000af00 f i concurrent_vector.obj
 0001:00009f60       ??$_Is_checked@PAVsegment_t@concurrent_vector_base_v3@internal@tbb@@@std@@YA?AU?$integral_constant@_N$0A@@0@PAVsegment_t@concurrent_vector_base_v3@internal@tbb@@@Z 1000af60 f i concurrent_vector.obj
 0001:00009f80       ??$_Ptr_copy_cat@Vsegment_t@concurrent_vector_base_v3@internal@tbb@@V1234@@std@@YA?AU_General_ptr_iterator_tag@0@ABQAVsegment_t@concurrent_vector_base_v3@internal@tbb@@0@Z 1000af80 f i concurrent_vector.obj
 0001:00009fa0       ??$_Rechecked@PAVsegment_t@concurrent_vector_base_v3@internal@tbb@@PAV1234@@std@@YAAAPAVsegment_t@concurrent_vector_base_v3@internal@tbb@@AAPAV1234@PAV1234@@Z 1000afa0 f i concurrent_vector.obj
 0001:00009fc0       ??$_Rechecked@Vsegment_t@concurrent_vector_base_v3@internal@tbb@@$0CA@@std@@YAAAV?$_Array_iterator@Vsegment_t@concurrent_vector_base_v3@internal@tbb@@$0CA@@0@AAV10@PAVsegment_t@concurrent_vector_base_v3@internal@tbb@@@Z 1000afc0 f i concurrent_vector.obj
 0001:00009fe0       ??$_Unchecked@PAVsegment_t@concurrent_vector_base_v3@internal@tbb@@@std@@YAPAVsegment_t@concurrent_vector_base_v3@internal@tbb@@PAV1234@@Z 1000afe0 f i concurrent_vector.obj
 0001:00009ff0       ??$_Unchecked@Vsegment_t@concurrent_vector_base_v3@internal@tbb@@$0CA@@std@@YAPAVsegment_t@concurrent_vector_base_v3@internal@tbb@@V?$_Array_iterator@Vsegment_t@concurrent_vector_base_v3@internal@tbb@@$0CA@@0@@Z 1000aff0 f i concurrent_vector.obj
 0001:0000a070       ??$_Unchecked_n1@PAVsegment_t@concurrent_vector_base_v3@internal@tbb@@I@std@@YA@PAVsegment_t@concurrent_vector_base_v3@internal@tbb@@IU?$integral_constant@_N$00@0@@Z 1000b070 f i concurrent_vector.obj
 0001:0000a090       ??$_Unchecked_n@PAVsegment_t@concurrent_vector_base_v3@internal@tbb@@I@std@@YA@PAVsegment_t@concurrent_vector_base_v3@internal@tbb@@I@Z 1000b090 f i concurrent_vector.obj
 0001:0000a0d0       ??$_Unfancy@Vsegment_t@concurrent_vector_base_v3@internal@tbb@@@std@@YAPAVsegment_t@concurrent_vector_base_v3@internal@tbb@@PAV1234@@Z 1000b0d0 f i concurrent_vector.obj
 0001:0000a0e0       ??$_Uninitialized_fill_n_unchecked1@PAVsegment_t@concurrent_vector_base_v3@internal@tbb@@IV1234@@std@@YAPAVsegment_t@concurrent_vector_base_v3@internal@tbb@@PAV1234@IABV1234@U?$integral_constant@_N$0A@@0@@Z 1000b0e0 f i concurrent_vector.obj
 0001:0000a1f0       ??$_Uninitialized_fill_n_unchecked@PAVsegment_t@concurrent_vector_base_v3@internal@tbb@@IV1234@@std@@YAPAVsegment_t@concurrent_vector_base_v3@internal@tbb@@PAV1234@IABV1234@@Z 1000b1f0 f i concurrent_vector.obj
 0001:0000a250       ??$__TBB_load_relaxed@H@internal@tbb@@YAHADH@Z 1000b250 f i concurrent_vector.obj
 0001:0000a270       ??$__TBB_store_relaxed@HH@internal@tbb@@YAXACHH@Z 1000b270 f i concurrent_vector.obj
 0001:0000a2a0       ??$apply@Udestroy_body@helper@concurrent_vector_base_v3@internal@tbb@@@helper@concurrent_vector_base_v3@internal@tbb@@QAEIABUdestroy_body@0123@@Z 1000b2a0 f i concurrent_vector.obj
 0001:0000a3e0       ??$apply@Uinit_body@helper@concurrent_vector_base_v3@internal@tbb@@@helper@concurrent_vector_base_v3@internal@tbb@@QAEIABUinit_body@0123@@Z 1000b3e0 f i concurrent_vector.obj
 0001:0000a520       ??$apply@Usafe_init_body@helper@concurrent_vector_base_v3@internal@tbb@@@helper@concurrent_vector_base_v3@internal@tbb@@QAEIABUsafe_init_body@0123@@Z 1000b520 f i concurrent_vector.obj
 0001:0000a660       ??$compare_and_swap@$0A@@?$atomic_impl@PAVsegment_t@concurrent_vector_base_v3@internal@tbb@@@internal@tbb@@QAEPAVsegment_t@concurrent_vector_base_v3@12@PAV3412@0@Z 1000b660 f i concurrent_vector.obj
 0001:0000a6c0       ??$copy@PAVsegment_t@concurrent_vector_base_v3@internal@tbb@@PAV1234@@std@@YAPAVsegment_t@concurrent_vector_base_v3@internal@tbb@@PAV1234@00@Z 1000b6c0 f i concurrent_vector.obj
 0001:0000a720       ??$copy@PAVsegment_t@concurrent_vector_base_v3@internal@tbb@@V1234@$0CA@@std@@YAPAVsegment_t@concurrent_vector_base_v3@internal@tbb@@PAV1234@0AAY0CA@V1234@@Z 1000b720 f i concurrent_vector.obj
 0001:0000a7b0       ??$fetch_and_add@$00@?$atomic_impl_with_arithmetic@IID@internal@tbb@@QAEII@Z 1000b7b0 f i concurrent_vector.obj
 0001:0000a7f0       ??$fetch_and_increment@$00@?$atomic_impl_with_arithmetic@IID@internal@tbb@@QAEIXZ 1000b7f0 f i concurrent_vector.obj
 0001:0000a820       ??$fill_n@PAVsegment_t@concurrent_vector_base_v3@internal@tbb@@IV1234@@std@@YAPAVsegment_t@concurrent_vector_base_v3@internal@tbb@@PAV1234@IABV1234@@Z 1000b820 f i concurrent_vector.obj
 0001:0000a870       ??$forward@ABVsegment_t@concurrent_vector_base_v3@internal@tbb@@@std@@YAABVsegment_t@concurrent_vector_base_v3@internal@tbb@@ABV1234@@Z 1000b870 f i concurrent_vector.obj
 0001:0000a880       ??$load@$00@?$atomic_impl@I@internal@tbb@@QBEIXZ 1000b880 f i concurrent_vector.obj
 0001:0000a8d0       ??$load@$00@?$atomic_impl@PAVsegment_t@concurrent_vector_base_v3@internal@tbb@@@internal@tbb@@QBEPAVsegment_t@concurrent_vector_base_v3@12@XZ 1000b8d0 f i concurrent_vector.obj
 0001:0000a920       ??$load@$00@?$atomic_impl@PAX@internal@tbb@@QBEPAXXZ 1000b920 f i concurrent_vector.obj
 0001:0000a970       ??$load@$00@segment_t@concurrent_vector_base_v3@internal@tbb@@QBE?AVsegment_value_t@123@XZ 1000b970 f i concurrent_vector.obj
 0001:0000a9b0       ??$load@$02@?$atomic_impl@I@internal@tbb@@QBEIXZ 1000b9b0 f i concurrent_vector.obj
 0001:0000aa00       ??$load@$02@?$atomic_impl@PAVsegment_t@concurrent_vector_base_v3@internal@tbb@@@internal@tbb@@QBEPAVsegment_t@concurrent_vector_base_v3@12@XZ 1000ba00 f i concurrent_vector.obj
 0001:0000aa50       ??$load@$02@?$atomic_impl@PAX@internal@tbb@@QBEPAXXZ 1000ba50 f i concurrent_vector.obj
 0001:0000aaa0       ??$load@$02@segment_t@concurrent_vector_base_v3@internal@tbb@@QBE?AVsegment_value_t@123@XZ 1000baa0 f i concurrent_vector.obj
 0001:0000aae0       ??$load@$02I@tbb@@YAIABU?$atomic@I@0@@Z 1000bae0 f i concurrent_vector.obj
 0001:0000ab00       ??$load@$02PAVsegment_t@concurrent_vector_base_v3@internal@tbb@@@tbb@@YAPAVsegment_t@concurrent_vector_base_v3@internal@0@ABU?$atomic@PAVsegment_t@concurrent_vector_base_v3@internal@tbb@@@0@@Z 1000bb00 f i concurrent_vector.obj
 0001:0000ab20       ??$load@$02PAX@tbb@@YAPAXABU?$atomic@PAX@0@@Z 1000bb20 f i concurrent_vector.obj
 0001:0000ab40       ??$load@H@?$atomic_load_store_traits@$00@internal@tbb@@SAHADH@Z 1000bb40 f i concurrent_vector.obj
 0001:0000ab60       ??$load@H@?$atomic_load_store_traits@$02@internal@tbb@@SAHADH@Z 1000bb60 f i concurrent_vector.obj
 0001:0000ab80       ??$pointer@D@segment_value_t@concurrent_vector_base_v3@internal@tbb@@QBEPADXZ 1000bb80 f i concurrent_vector.obj
 0001:0000aba0       ??$pointer@X@segment_value_t@concurrent_vector_base_v3@internal@tbb@@QBEPAXXZ 1000bba0 f i concurrent_vector.obj
 0001:0000abc0       ??$publish_segment@PAX@helper@concurrent_vector_base_v3@internal@tbb@@SAXAAVsegment_t@123@PAX@Z 1000bbc0 f i concurrent_vector.obj
 0001:0000ac10       ??$publish_segment@Usegment_allocation_failed@concurrent_vector_base_v3@internal@tbb@@@helper@concurrent_vector_base_v3@internal@tbb@@SAXAAVsegment_t@123@Usegment_allocation_failed@123@@Z 1000bc10 f i concurrent_vector.obj
 0001:0000ac60       ??$publish_segment@Usegment_not_used@concurrent_vector_base_v3@internal@tbb@@@helper@concurrent_vector_base_v3@internal@tbb@@SAXAAVsegment_t@123@Usegment_not_used@123@@Z 1000bc60 f i concurrent_vector.obj
 0001:0000acb0       ??$spin_wait_while@Usegment_not_used_predicate@helper@concurrent_vector_base_v3@internal@tbb@@@internal@tbb@@YAXUsegment_not_used_predicate@helper@concurrent_vector_base_v3@01@@Z 1000bcb0 f i concurrent_vector.obj
 0001:0000ad50       ??$spin_wait_while_eq@U?$atomic@PAVsegment_t@concurrent_vector_base_v3@internal@tbb@@@tbb@@PAVsegment_t@concurrent_vector_base_v3@internal@2@@internal@tbb@@YAXADU?$atomic@PAVsegment_t@concurrent_vector_base_v3@internal@tbb@@@1@PAVsegment_t@concurrent_vector_base_v3@01@@Z 1000bd50 f i concurrent_vector.obj
 0001:0000adf0       ??$store@$01@?$atomic_impl@I@internal@tbb@@QAEXI@Z 1000bdf0 f i concurrent_vector.obj
 0001:0000ae40       ??$store@$01@?$atomic_impl@PAX@internal@tbb@@QAEXPAX@Z 1000be40 f i concurrent_vector.obj
 0001:0000ae90       ??$store@$01@segment_t@concurrent_vector_base_v3@internal@tbb@@QAEXPAX@Z 1000be90 f i concurrent_vector.obj
 0001:0000af60       ??$store@$01@segment_t@concurrent_vector_base_v3@internal@tbb@@QAEXUsegment_allocation_failed@123@@Z 1000bf60 f i concurrent_vector.obj
 0001:0000b000       ??$store@$01@segment_t@concurrent_vector_base_v3@internal@tbb@@QAEXUsegment_not_used@123@@Z 1000c000 f i concurrent_vector.obj
 0001:0000b040       ??$store@$02@?$atomic_impl@I@internal@tbb@@QAEXI@Z 1000c040 f i concurrent_vector.obj
 0001:0000b090       ??$store@$02@?$atomic_impl@PAVsegment_t@concurrent_vector_base_v3@internal@tbb@@@internal@tbb@@QAEXPAVsegment_t@concurrent_vector_base_v3@12@@Z 1000c090 f i concurrent_vector.obj
 0001:0000b0e0       ??$store@$02@?$atomic_impl@PAX@internal@tbb@@QAEXPAX@Z 1000c0e0 f i concurrent_vector.obj
 0001:0000b130       ??$store@$02@segment_t@concurrent_vector_base_v3@internal@tbb@@QAEXPAX@Z 1000c130 f i concurrent_vector.obj
 0001:0000b200       ??$store@$02@segment_t@concurrent_vector_base_v3@internal@tbb@@QAEXUsegment_not_used@123@@Z 1000c200 f i concurrent_vector.obj
 0001:0000b240       ??$store@$02I@tbb@@YAXAAU?$atomic@I@0@I@Z 1000c240 f i concurrent_vector.obj
 0001:0000b260       ??$store@$02PAVsegment_t@concurrent_vector_base_v3@internal@tbb@@@tbb@@YAXAAU?$atomic@PAVsegment_t@concurrent_vector_base_v3@internal@tbb@@@0@PAVsegment_t@concurrent_vector_base_v3@internal@0@@Z 1000c260 f i concurrent_vector.obj
 0001:0000b280       ??$store@$02PAX@tbb@@YAXAAU?$atomic@PAX@0@PAX@Z 1000c280 f i concurrent_vector.obj
 0001:0000b2a0       ??$store@H@?$atomic_load_store_traits@$01@internal@tbb@@SAXACHH@Z 1000c2a0 f i concurrent_vector.obj
 0001:0000b2d0       ??$store@H@?$atomic_load_store_traits@$02@internal@tbb@@SAXACHH@Z 1000c2d0 f i concurrent_vector.obj
 0001:0000b300       ??$swap@$02I@internal@tbb@@YAXAAU?$atomic@I@1@0@Z 1000c300 f i concurrent_vector.obj
 0001:0000b370       ??$swap@$02PAVsegment_t@concurrent_vector_base_v3@internal@tbb@@@internal@tbb@@YAXAAU?$atomic@PAVsegment_t@concurrent_vector_base_v3@internal@tbb@@@1@0@Z 1000c370 f i concurrent_vector.obj
 0001:0000b3e0       ??$swap@$02PAX@internal@tbb@@YAXAAU?$atomic@PAX@1@0@Z 1000c3e0 f i concurrent_vector.obj
 0001:0000b450       ??$to_bits@PAVsegment_t@concurrent_vector_base_v3@internal@tbb@@@?$atomic_impl@PAVsegment_t@concurrent_vector_base_v3@internal@tbb@@@internal@tbb@@CAHPAVsegment_t@concurrent_vector_base_v3@12@@Z 1000c450 f i concurrent_vector.obj
 0001:0000b480       ??$to_bits@PAX@?$atomic_impl@PAX@internal@tbb@@CAHPAX@Z 1000c480 f i concurrent_vector.obj
 0001:0000b4b0       ??$to_bits_ref@$$CBI@?$atomic_impl@I@internal@tbb@@CAAAHABI@Z 1000c4b0 f i concurrent_vector.obj
 0001:0000b4e0       ??$to_bits_ref@PAVsegment_t@concurrent_vector_base_v3@internal@tbb@@@?$atomic_impl@PAVsegment_t@concurrent_vector_base_v3@internal@tbb@@@internal@tbb@@CAAAHAAPAVsegment_t@concurrent_vector_base_v3@12@@Z 1000c4e0 f i concurrent_vector.obj
 0001:0000b510       ??$to_bits_ref@PAX@?$atomic_impl@PAX@internal@tbb@@CAAAHAAPAX@Z 1000c510 f i concurrent_vector.obj
 0001:0000b540       ??$to_bits_ref@QAVsegment_t@concurrent_vector_base_v3@internal@tbb@@@?$atomic_impl@PAVsegment_t@concurrent_vector_base_v3@internal@tbb@@@internal@tbb@@CAAAHABQAVsegment_t@concurrent_vector_base_v3@12@@Z 1000c540 f i concurrent_vector.obj
 0001:0000b570       ??$to_bits_ref@QAX@?$atomic_impl@PAX@internal@tbb@@CAAAHABQAX@Z 1000c570 f i concurrent_vector.obj
 0001:0000b5a0       ??$to_bits_ref@SAVsegment_t@concurrent_vector_base_v3@internal@tbb@@@?$atomic_impl@PAVsegment_t@concurrent_vector_base_v3@internal@tbb@@@internal@tbb@@CAAAHADSAVsegment_t@concurrent_vector_base_v3@12@@Z 1000c5a0 f i concurrent_vector.obj
 0001:0000b5d0       ??$to_value@PAVsegment_t@concurrent_vector_base_v3@internal@tbb@@@?$atomic_impl@PAVsegment_t@concurrent_vector_base_v3@internal@tbb@@@internal@tbb@@CAPAVsegment_t@concurrent_vector_base_v3@12@H@Z 1000c5d0 f i concurrent_vector.obj
 0001:0000b650       ??$to_value@PAX@?$atomic_impl@PAX@internal@tbb@@CAPAXH@Z 1000c650 f i concurrent_vector.obj
 0001:0000b6d0       ??$uninitialized_fill_n@PAVsegment_t@concurrent_vector_base_v3@internal@tbb@@IV1234@@std@@YAPAVsegment_t@concurrent_vector_base_v3@internal@tbb@@PAV1234@IABV1234@@Z 1000c6d0 f i concurrent_vector.obj
 0001:0000b720       ??0?$_Array_const_iterator@Vsegment_t@concurrent_vector_base_v3@internal@tbb@@$0CA@@std@@QAE@ABV01@@Z 1000c720 f i concurrent_vector.obj
 0001:0000b780       ??0?$_Array_const_iterator@Vsegment_t@concurrent_vector_base_v3@internal@tbb@@$0CA@@std@@QAE@PBVsegment_t@concurrent_vector_base_v3@internal@tbb@@I@Z 1000c780 f i concurrent_vector.obj
 0001:0000b7d0       ??0?$_Array_iterator@Vsegment_t@concurrent_vector_base_v3@internal@tbb@@$0CA@@std@@QAE@ABV01@@Z 1000c7d0 f i concurrent_vector.obj
 0001:0000b810       ??0?$_Array_iterator@Vsegment_t@concurrent_vector_base_v3@internal@tbb@@$0CA@@std@@QAE@PAVsegment_t@concurrent_vector_base_v3@internal@tbb@@I@Z 1000c810 f i concurrent_vector.obj
 0001:0000b850       ??0?$_Iterator012@Urandom_access_iterator_tag@std@@Vsegment_t@concurrent_vector_base_v3@internal@tbb@@HPBV3456@ABV3456@U_Iterator_base12@2@@std@@QAE@ABU01@@Z 1000c850 f i concurrent_vector.obj
 0001:0000b890       ??0?$_Iterator012@Urandom_access_iterator_tag@std@@Vsegment_t@concurrent_vector_base_v3@internal@tbb@@HPBV3456@ABV3456@U_Iterator_base12@2@@std@@QAE@XZ 1000c890 f i concurrent_vector.obj
 0001:0000b8c0       ??0?$converter@PAVsegment_t@concurrent_vector_base_v3@internal@tbb@@@?$atomic_impl@PAVsegment_t@concurrent_vector_base_v3@internal@tbb@@@internal@tbb@@QAE@PAVsegment_t@concurrent_vector_base_v3@23@@Z 1000c8c0 f i concurrent_vector.obj
 0001:0000b8f0       ??0?$converter@PAVsegment_t@concurrent_vector_base_v3@internal@tbb@@@?$atomic_impl@PAVsegment_t@concurrent_vector_base_v3@internal@tbb@@@internal@tbb@@QAE@XZ 1000c8f0 f i concurrent_vector.obj
 0001:0000b910       ??0?$converter@PAX@?$atomic_impl@PAX@internal@tbb@@QAE@PAX@Z 1000c910 f i concurrent_vector.obj
 0001:0000b940       ??0?$converter@PAX@?$atomic_impl@PAX@internal@tbb@@QAE@XZ 1000c940 f i concurrent_vector.obj
 0001:0000b960       ??0?$ptr_converter@PAPAVsegment_t@concurrent_vector_base_v3@internal@tbb@@@?$atomic_impl@PAVsegment_t@concurrent_vector_base_v3@internal@tbb@@@internal@tbb@@QAE@PAPAVsegment_t@concurrent_vector_base_v3@23@@Z 1000c960 f i concurrent_vector.obj
 0001:0000b990       ??0?$ptr_converter@PAPAX@?$atomic_impl@PAX@internal@tbb@@QAE@PAPAX@Z 1000c990 f i concurrent_vector.obj
 0001:0000b9c0       ??0?$ptr_converter@PBI@?$atomic_impl@I@internal@tbb@@QAE@PBI@Z 1000c9c0 f i concurrent_vector.obj
 0001:0000b9f0       ??0?$ptr_converter@PBQAVsegment_t@concurrent_vector_base_v3@internal@tbb@@@?$atomic_impl@PAVsegment_t@concurrent_vector_base_v3@internal@tbb@@@internal@tbb@@QAE@PBQAVsegment_t@concurrent_vector_base_v3@23@@Z 1000c9f0 f i concurrent_vector.obj
 0001:0000ba20       ??0?$ptr_converter@PBQAX@?$atomic_impl@PAX@internal@tbb@@QAE@PBQAX@Z 1000ca20 f i concurrent_vector.obj
 0001:0000ba50       ??0?$ptr_converter@PDSAVsegment_t@concurrent_vector_base_v3@internal@tbb@@@?$atomic_impl@PAVsegment_t@concurrent_vector_base_v3@internal@tbb@@@internal@tbb@@QAE@PDSAVsegment_t@concurrent_vector_base_v3@23@@Z 1000ca50 f i concurrent_vector.obj
 0001:0000ba80       ??0_Iterator_base12@std@@QAE@ABU01@@Z 1000ca80 f i concurrent_vector.obj
 0001:0000bad0       ??0_Iterator_base12@std@@QAE@XZ 1000cad0 f i concurrent_vector.obj
 0001:0000bb10       ??0destroy_body@helper@concurrent_vector_base_v3@internal@tbb@@QAE@P6AXPAXI@Z@Z 1000cb10 f i concurrent_vector.obj
 0001:0000bb40       ??0helper@concurrent_vector_base_v3@internal@tbb@@QAE@PAVsegment_t@123@IIIII@Z 1000cb40 f i concurrent_vector.obj
 0001:0000bbb0       ??0init_body@helper@concurrent_vector_base_v3@internal@tbb@@QAE@P6AXPAXPBXI@Z1@Z 1000cbb0 f i concurrent_vector.obj
 0001:0000bbf0       ??0safe_init_body@helper@concurrent_vector_base_v3@internal@tbb@@QAE@P6AXPAXPBXI@Z1@Z 1000cbf0 f i concurrent_vector.obj
 0001:0000bc30       ??0segment_not_used_predicate@helper@concurrent_vector_base_v3@internal@tbb@@QAE@AAVsegment_t@234@@Z 1000cc30 f i concurrent_vector.obj
 0001:0000bcb0       ??0segment_t@concurrent_vector_base_v3@internal@tbb@@QAE@ABV0123@@Z 1000ccb0 f i concurrent_vector.obj
 0001:0000bcf0       ??0segment_t@concurrent_vector_base_v3@internal@tbb@@QAE@XZ 1000ccf0 f i concurrent_vector.obj
 0001:0000bd40       ??0segment_value_t@concurrent_vector_base_v3@internal@tbb@@AAE@PAX@Z 1000cd40 f i concurrent_vector.obj
 0001:0000bd70       ??1?$_Array_const_iterator@Vsegment_t@concurrent_vector_base_v3@internal@tbb@@$0CA@@std@@QAE@XZ 1000cd70 f i concurrent_vector.obj
 0001:0000bda0       ??1?$_Array_iterator@Vsegment_t@concurrent_vector_base_v3@internal@tbb@@$0CA@@std@@QAE@XZ 1000cda0 f i concurrent_vector.obj
 0001:0000bdd0       ??1?$_Iterator012@Urandom_access_iterator_tag@std@@Vsegment_t@concurrent_vector_base_v3@internal@tbb@@HPBV3456@ABV3456@U_Iterator_base12@2@@std@@QAE@XZ 1000cdd0 f i concurrent_vector.obj
 0001:0000be00       ??1_Iterator_base12@std@@QAE@XZ 1000ce00 f i concurrent_vector.obj
 0001:0000bee0       ??1concurrent_vector_base_v3@internal@tbb@@IAE@XZ 1000cee0 f   concurrent_vector.obj
 0001:0000c060       ??1helper@concurrent_vector_base_v3@internal@tbb@@QAE@XZ 1000d060 f i concurrent_vector.obj
 0001:0000c190       ??1segment_t@concurrent_vector_base_v3@internal@tbb@@QAE@XZ 1000d190 f i concurrent_vector.obj
 0001:0000c250       ??4?$atomic@PAVsegment_t@concurrent_vector_base_v3@internal@tbb@@@tbb@@QAEPAVsegment_t@concurrent_vector_base_v3@internal@1@PAV2341@@Z 1000d250 f i concurrent_vector.obj
 0001:0000c290       ??4_Iterator_base12@std@@QAEAAU01@ABU01@@Z 1000d290 f i concurrent_vector.obj
 0001:0000c3c0       ??4segment_t@concurrent_vector_base_v3@internal@tbb@@QAEAAV0123@ABV0123@@Z 1000d3c0 f i concurrent_vector.obj
 0001:0000c400       ??8internal@tbb@@YA_NABVsegment_value_t@concurrent_vector_base_v3@01@Usegment_allocated@301@@Z 1000d400 f i concurrent_vector.obj
 0001:0000c440       ??8internal@tbb@@YA_NABVsegment_value_t@concurrent_vector_base_v3@01@Usegment_allocation_failed@301@@Z 1000d440 f i concurrent_vector.obj
 0001:0000c480       ??8internal@tbb@@YA_NABVsegment_value_t@concurrent_vector_base_v3@01@Usegment_not_used@301@@Z 1000d480 f i concurrent_vector.obj
 0001:0000c4c0       ??B?$atomic_impl@PAVsegment_t@concurrent_vector_base_v3@internal@tbb@@@internal@tbb@@QDEPAVsegment_t@concurrent_vector_base_v3@12@XZ 1000d4c0 f i concurrent_vector.obj
 0001:0000c510       ??H?$_Array_iterator@Vsegment_t@concurrent_vector_base_v3@internal@tbb@@$0CA@@std@@QBE?AV01@H@Z 1000d510 f i concurrent_vector.obj
 0001:0000c620       ??Rdestroy_body@helper@concurrent_vector_base_v3@internal@tbb@@QBEXAAVsegment_t@234@PAXI@Z 1000d620 f i concurrent_vector.obj
 0001:0000c6b0       ??Rinit_body@helper@concurrent_vector_base_v3@internal@tbb@@QBEXAAVsegment_t@234@PAXI@Z 1000d6b0 f i concurrent_vector.obj
 0001:0000c710       ??Rsafe_init_body@helper@concurrent_vector_base_v3@internal@tbb@@QBEXAAVsegment_t@234@PAXI@Z 1000d710 f i concurrent_vector.obj
 0001:0000c7b0       ??Rsegment_not_used_predicate@helper@concurrent_vector_base_v3@internal@tbb@@QBE_NXZ 1000d7b0 f i concurrent_vector.obj
 0001:0000c810       ??Y?$_Array_const_iterator@Vsegment_t@concurrent_vector_base_v3@internal@tbb@@$0CA@@std@@QAEAAV01@H@Z 1000d810 f i concurrent_vector.obj
 0001:0000c910       ??Y?$_Array_iterator@Vsegment_t@concurrent_vector_base_v3@internal@tbb@@$0CA@@std@@QAEAAV01@H@Z 1000d910 f i concurrent_vector.obj
 0001:0000c950       ??_Gsegment_t@concurrent_vector_base_v3@internal@tbb@@QAEPAXI@Z 1000d950 f i concurrent_vector.obj
 0001:0000c9a0       ?_Adopt@_Iterator_base12@std@@QAEXPBU_Container_base12@2@@Z 1000d9a0 f i concurrent_vector.obj
 0001:0000cb60       ?_Orphan_me@_Iterator_base12@std@@QAEXXZ 1000db60 f i concurrent_vector.obj
 0001:0000cc20       ?_Rechecked@?$_Array_const_iterator@Vsegment_t@concurrent_vector_base_v3@internal@tbb@@$0CA@@std@@QAEAAV12@PBVsegment_t@concurrent_vector_base_v3@internal@tbb@@@Z 1000dc20 f i concurrent_vector.obj
 0001:0000cc60       ?_Rechecked@?$_Array_iterator@Vsegment_t@concurrent_vector_base_v3@internal@tbb@@$0CA@@std@@QAEAAV12@PAVsegment_t@concurrent_vector_base_v3@internal@tbb@@@Z 1000dc60 f i concurrent_vector.obj
 0001:0000cca0       ?_Unchecked@?$_Array_const_iterator@Vsegment_t@concurrent_vector_base_v3@internal@tbb@@$0CA@@std@@QBEPBVsegment_t@concurrent_vector_base_v3@internal@tbb@@XZ 1000dca0 f i concurrent_vector.obj
 0001:0000ccd0       ?_Unchecked@?$_Array_iterator@Vsegment_t@concurrent_vector_base_v3@internal@tbb@@$0CA@@std@@QBEPAVsegment_t@concurrent_vector_base_v3@internal@tbb@@XZ 1000dcd0 f i concurrent_vector.obj
 0001:0000cdc0       ?__TBB_machine_lg@msvc@intrinsics@internal@tbb@@YAII@Z 1000ddc0 f i concurrent_vector.obj
 0001:0000ce70       ?acquire_segment@helper@concurrent_vector_base_v3@internal@tbb@@SAAAVsegment_t@234@AAV234@II_N@Z 1000de70 f i concurrent_vector.obj
 0001:0000cff0       ?allocate_segment@helper@concurrent_vector_base_v3@internal@tbb@@SAPAXAAV234@I@Z 1000dff0 f i concurrent_vector.obj
 0001:0000d050       ?assign_first_segment_if_necessary@helper@concurrent_vector_base_v3@internal@tbb@@SAXAAV234@I@Z 1000e050 f i concurrent_vector.obj
 0001:0000d090       ?cleanup@helper@concurrent_vector_base_v3@internal@tbb@@QAEXXZ 1000e090 f   concurrent_vector.obj
 0001:0000d460       ?compare_and_swap@?$atomic_impl@PAVsegment_t@concurrent_vector_base_v3@internal@tbb@@@internal@tbb@@QAEPAVsegment_t@concurrent_vector_base_v3@23@PAV4523@0@Z 1000e460 f i concurrent_vector.obj
 0001:0000d4d0       ?enable_segment@helper@concurrent_vector_base_v3@internal@tbb@@SAIAAV234@II_N@Z 1000e4d0 f   concurrent_vector.obj
 0001:0000d870       ?extend_segment_table@helper@concurrent_vector_base_v3@internal@tbb@@SAXAAV234@I@Z 1000e870 f   concurrent_vector.obj
 0001:0000db90       ?extend_table_if_necessary@helper@concurrent_vector_base_v3@internal@tbb@@SAXAAV234@II@Z 1000eb90 f i concurrent_vector.obj
 0001:0000dbe0       ?fetch_and_add@?$atomic_traits@$03$00@internal@tbb@@SAHPCXH@Z 1000ebe0 f i concurrent_vector.obj
 0001:0000dc10       ?find_segment_end@helper@concurrent_vector_base_v3@internal@tbb@@SAIABV234@@Z 1000ec10 f i concurrent_vector.obj
 0001:0000dce0       ?first_segment@helper@concurrent_vector_base_v3@internal@tbb@@QAEXXZ 1000ece0 f i concurrent_vector.obj
 0001:0000de40       ?get_segment_value@helper@concurrent_vector_base_v3@internal@tbb@@QAE?AVsegment_value_t@234@I_N@Z 1000ee40 f i concurrent_vector.obj
 0001:0000df50       ?incompact_predicate@helper@concurrent_vector_base_v3@internal@tbb@@SA_NI@Z 1000ef50 f i concurrent_vector.obj
 0001:0000dfb0       ?internal_assign@concurrent_vector_base_v3@internal@tbb@@IAEXABV123@IP6AXPAXI@ZP6AX1PBXI@Z4@Z 1000efb0 f   concurrent_vector.obj
 0001:0000e4d0       ?internal_capacity@concurrent_vector_base_v3@internal@tbb@@IBEIXZ 1000f4d0 f   concurrent_vector.obj
 0001:0000e510       ?internal_clear@concurrent_vector_base_v3@internal@tbb@@IAEIP6AXPAXI@Z@Z 1000f510 f   concurrent_vector.obj
 0001:0000e6c0       ?internal_compact@concurrent_vector_base_v3@internal@tbb@@IAEPAXIPAXP6AX0I@ZP6AX0PBXI@Z@Z 1000f6c0 f   concurrent_vector.obj
 0001:0000ede0       ?internal_copy@concurrent_vector_base_v3@internal@tbb@@IAEXABV123@IP6AXPAXPBXI@Z@Z 1000fde0 f   concurrent_vector.obj
 0001:0000f030       ?internal_grow@concurrent_vector_base_v3@internal@tbb@@IAEXIIIP6AXPAXPBXI@Z1@Z 10010030 f   concurrent_vector.obj
 0001:0000f270       ?internal_grow_by@concurrent_vector_base_v3@internal@tbb@@IAEIIIP6AXPAXPBXI@Z1@Z 10010270 f   concurrent_vector.obj
 0001:0000f2f0       ?internal_grow_to_at_least@concurrent_vector_base_v3@internal@tbb@@IAEXIIP6AXPAXPBXI@Z1@Z 100102f0 f   concurrent_vector.obj
 0001:0000f340       ?internal_grow_to_at_least_with_result@concurrent_vector_base_v3@internal@tbb@@IAEIIIP6AXPAXPBXI@Z1@Z 10010340 f   concurrent_vector.obj
 0001:0000f620       ?internal_push_back@concurrent_vector_base_v3@internal@tbb@@IAEPAXIAAI@Z 10010620 f   concurrent_vector.obj
 0001:0000f760       ?internal_reserve@concurrent_vector_base_v3@internal@tbb@@IAEXIII@Z 10010760 f   concurrent_vector.obj
 0001:0000f8a0       ?internal_resize@concurrent_vector_base_v3@internal@tbb@@IAEXIIIPBXP6AXPAXI@ZP6AX10I@Z@Z 100108a0 f   concurrent_vector.obj
 0001:0000fad0       ?internal_swap@concurrent_vector_base_v3@internal@tbb@@IAEXAAV123@@Z 10010ad0 f   concurrent_vector.obj
 0001:0000fca0       ?internal_throw_exception@concurrent_vector_base_v3@internal@tbb@@IBEXI@Z 10010ca0 f   concurrent_vector.obj
 0001:0000fd20       ?load@?$machine_load_store_relaxed@H$03@internal@tbb@@SAHADH@Z 10010d20 f i concurrent_vector.obj
 0001:0000fd30       ?next_segment@helper@concurrent_vector_base_v3@internal@tbb@@QAEXXZ 10010d30 f i concurrent_vector.obj
 0001:0000fdc0       ?segment_base@concurrent_vector_base_v3@internal@tbb@@KAII@Z 10010dc0 f i concurrent_vector.obj
 0001:0000fde0       ?segment_index_of@concurrent_vector_base_v3@internal@tbb@@KAII@Z 10010de0 f i concurrent_vector.obj
 0001:0000fe10       ?segment_size@concurrent_vector_base_v3@internal@tbb@@KAII@Z 10010e10 f i concurrent_vector.obj
 0001:0000fe30       ?store@?$machine_load_store_relaxed@H$03@internal@tbb@@SAXACHH@Z 10010e30 f i concurrent_vector.obj
 0001:0000fe40       ?store_with_release@?$atomic_impl@PAVsegment_t@concurrent_vector_base_v3@internal@tbb@@@internal@tbb@@IAEPAVsegment_t@concurrent_vector_base_v3@23@PAV4523@@Z 10010e40 f i concurrent_vector.obj
 0001:0000fea0       ?swap@internal@tbb@@YAXAAVsegment_t@concurrent_vector_base_v3@12@0@Z 10010ea0 f i concurrent_vector.obj
 0001:0000ff00       ?swap@segment_t@concurrent_vector_base_v3@internal@tbb@@QAEXAAV1234@@Z 10010f00 f i concurrent_vector.obj
 0001:0000ff40       ??$atomic_do_once@P6AXXZ@internal@tbb@@YAXABQ6AXXZAAU?$atomic@W4do_once_state@internal@tbb@@@1@@Z 10010f40 f i dynamic_link.obj
 0001:0000ffb0       ??$compare_and_swap@$0A@@?$atomic_impl@W4do_once_state@internal@tbb@@@internal@tbb@@QAE?AW4do_once_state@12@W4312@0@Z 10010fb0 f i dynamic_link.obj
 0001:00010010       ??$spin_wait_while_eq@U?$atomic@W4do_once_state@internal@tbb@@@tbb@@W4do_once_state@internal@2@@internal@tbb@@YAXADU?$atomic@W4do_once_state@internal@tbb@@@1@W4do_once_state@01@@Z 10011010 f i dynamic_link.obj
 0001:000100b0       ??$suppress_unused_warning@PAUHINSTANCE__@@@internal@tbb@@YAXABQAUHINSTANCE__@@@Z 100110b0 f i dynamic_link.obj
 0001:000100c0       ??$suppress_unused_warning@PBD@internal@tbb@@YAXABQBD@Z 100110c0 f i dynamic_link.obj
 0001:000100d0       ??$suppress_unused_warning@PBDQBUdynamic_link_descriptor@internal@tbb@@I@internal@tbb@@YAXABQBDABQBUdynamic_link_descriptor@01@ABI@Z 100110d0 f i dynamic_link.obj
 0001:000100e0       ??$to_bits@W4do_once_state@internal@tbb@@@?$atomic_impl@W4do_once_state@internal@tbb@@@internal@tbb@@CAHW4do_once_state@12@@Z 100110e0 f i dynamic_link.obj
 0001:00010110       ??$to_bits_ref@$$CDW4do_once_state@internal@tbb@@@?$atomic_impl@W4do_once_state@internal@tbb@@@internal@tbb@@CAAAHADW4do_once_state@12@@Z 10011110 f i dynamic_link.obj
 0001:00010140       ??$to_bits_ref@W4do_once_state@internal@tbb@@@?$atomic_impl@W4do_once_state@internal@tbb@@@internal@tbb@@CAAAHAAW4do_once_state@12@@Z 10011140 f i dynamic_link.obj
 0001:00010170       ??$to_value@W4do_once_state@internal@tbb@@@?$atomic_impl@W4do_once_state@internal@tbb@@@internal@tbb@@CA?AW4do_once_state@12@H@Z 10011170 f i dynamic_link.obj
 0001:000101f0       ??0?$converter@W4do_once_state@internal@tbb@@@?$atomic_impl@W4do_once_state@internal@tbb@@@internal@tbb@@QAE@W4do_once_state@23@@Z 100111f0 f i dynamic_link.obj
 0001:00010220       ??0?$converter@W4do_once_state@internal@tbb@@@?$atomic_impl@W4do_once_state@internal@tbb@@@internal@tbb@@QAE@XZ 10011220 f i dynamic_link.obj
 0001:00010240       ??0?$ptr_converter@PAW4do_once_state@internal@tbb@@@?$atomic_impl@W4do_once_state@internal@tbb@@@internal@tbb@@QAE@PAW4do_once_state@23@@Z 10011240 f i dynamic_link.obj
 0001:00010270       ??0?$ptr_converter@PDW4do_once_state@internal@tbb@@@?$atomic_impl@W4do_once_state@internal@tbb@@@internal@tbb@@QAE@PDW4do_once_state@23@@Z 10011270 f i dynamic_link.obj
 0001:000102a0       ??0static_init_dl_data_t@internal@tbb@@QAE@XZ 100112a0 f i dynamic_link.obj
 0001:000102d0       ??4?$atomic@W4do_once_state@internal@tbb@@@tbb@@QAE?AW4do_once_state@internal@1@W4231@@Z 100112d0 f i dynamic_link.obj
 0001:00010310       ??B?$atomic_impl@W4do_once_state@internal@tbb@@@internal@tbb@@QDE?AW4do_once_state@12@XZ 10011310 f i dynamic_link.obj
 0001:00010510       ?add@handles_t@internal@tbb@@QAEXABQAUHINSTANCE__@@@Z 10011510 f i dynamic_link.obj
 0001:000105c0       ?compare_and_swap@?$atomic_impl@W4do_once_state@internal@tbb@@@internal@tbb@@QAE?AW4do_once_state@23@W4423@0@Z 100115c0 f i dynamic_link.obj
 0001:00010600       ?dynamic_link@internal@tbb@@YA_NPBDQBUdynamic_link_descriptor@12@IPAPAUHINSTANCE__@@H@Z 10011600 f   dynamic_link.obj
 0001:000106f0       ?dynamic_load@internal@tbb@@YAPAUHINSTANCE__@@PBDQBUdynamic_link_descriptor@12@I@Z 100116f0 f   dynamic_link.obj
 0001:000108f0       ?dynamic_unlink@internal@tbb@@YAXPAUHINSTANCE__@@@Z 100118f0 f   dynamic_link.obj
 0001:00010930       ?dynamic_unlink_all@internal@tbb@@YAXXZ 10011930 f   dynamic_link.obj
 0001:00010950       ?free@handles_t@internal@tbb@@QAEXXZ 10011950 f i dynamic_link.obj
 0001:00010ac0       ?init@handles_t@internal@tbb@@QAEXXZ 10011ac0 f i dynamic_link.obj
 0001:00010d00       ?init_atomic_incrementer@internal@tbb@@YAXAAU?$atomic@I@2@@Z 10011d00 f   dynamic_link.obj
 0001:00010d40       ?init_dynamic_link_data@internal@tbb@@YAXXZ 10011d40 f   dynamic_link.obj
 0001:00010ef0       ?run_initializer@internal@tbb@@YAXP6AXXZAAU?$atomic@W4do_once_state@internal@tbb@@@2@@Z 10011ef0 f i dynamic_link.obj
 0001:00010f60       ?store_with_release@?$atomic_impl@W4do_once_state@internal@tbb@@@internal@tbb@@IAE?AW4do_once_state@23@W4423@@Z 10011f60 f i dynamic_link.obj
 0001:00010fc0       ?strrchr@@YAPADQADH@Z      10011fc0 f i dynamic_link.obj
 0001:00012f70       ___itt_fini_ittlib         10013f70 f   itt_notify.obj
 0001:00015c10       ??$__vcrt_va_start_verify_argument_type@W4__itt_error_code@@@@YAXXZ 10016c10 f i itt_notify.obj
 0001:00015c20       ?__TBB_load_ittnotify@internal@tbb@@YAHXZ 10016c20 f   itt_notify.obj
 0001:000162e0       ?__itt_interlocked_increment@@YAJPCJ@Z 100172e0 f i itt_notify.obj
 0001:00016470       ___itt_init_ittlib         10017470 f   itt_notify.obj
 0001:00016920       ___itt_set_error_handler   10017920 f   itt_notify.obj
 0001:00016b10       ?NFS_Allocate@internal@tbb@@YAPAXIIPAX@Z 10017b10 f   cache_aligned_allocator.obj
 0001:00016c70       ?NFS_Free@internal@tbb@@YAXPAX@Z 10017c70 f   cache_aligned_allocator.obj
 0001:00016ca0       ?NFS_GetLineSize@internal@tbb@@YAIXZ 10017ca0 f   cache_aligned_allocator.obj
 0001:00016d40       ?allocate_via_handler_v3@internal@tbb@@YAPAXI@Z 10017d40 f   cache_aligned_allocator.obj
 0001:00016da0       ?deallocate_via_handler_v3@internal@tbb@@YAXPAX@Z 10017da0 f   cache_aligned_allocator.obj
 0001:00016de0       ?initialize_cache_aligned_allocator@internal@tbb@@YAXXZ 10017de0 f   cache_aligned_allocator.obj
 0001:00016e20       ?initialize_handler_pointers@internal@tbb@@YAXXZ 10017e20 f   cache_aligned_allocator.obj
 0001:00016f10       ?is_malloc_used_v3@internal@tbb@@YA_NXZ 10017f10 f   cache_aligned_allocator.obj
 0001:000171e0       ??$fetch_and_add@$0A@@?$atomic_impl_with_arithmetic@KKD@internal@tbb@@QAEKK@Z 100181e0 f i pipeline.obj
 0001:00017220       ??$note_done@Vstage_task@internal@tbb@@@input_buffer@internal@tbb@@QAEXKAAVstage_task@12@@Z 10018220 f i pipeline.obj
 0001:000173d0       ??$poison_pointer@Utask_info@internal@tbb@@@internal@tbb@@YAXAAPAUtask_info@01@@Z 100183d0 f i pipeline.obj
 0001:000173f0       ??$to_bits@K@?$atomic_impl@K@internal@tbb@@CAHK@Z 100183f0 f i pipeline.obj
 0001:00017420       ??$to_bits_ref@$$CDK@?$atomic_impl@K@internal@tbb@@CAAAHADK@Z 10018420 f i pipeline.obj
 0001:00017450       ??$to_bits_ref@K@?$atomic_impl@K@internal@tbb@@CAAAHAAK@Z 10018450 f i pipeline.obj
 0001:00017480       ??$to_value@K@?$atomic_impl@K@internal@tbb@@CAKH@Z 10018480 f i pipeline.obj
 0001:00017500       ??0?$cache_aligned_allocator@Utask_info@internal@tbb@@@tbb@@QAE@XZ 10018500 f i pipeline.obj
 0001:00017520       ??0?$converter@K@?$atomic_impl@K@internal@tbb@@QAE@K@Z 10018520 f i pipeline.obj
 0001:00017550       ??0?$converter@K@?$atomic_impl@K@internal@tbb@@QAE@XZ 10018550 f i pipeline.obj
 0001:00017570       ??0?$ptr_converter@PAK@?$atomic_impl@K@internal@tbb@@QAE@PAK@Z 10018570 f i pipeline.obj
 0001:000175a0       ??0?$ptr_converter@PDK@?$atomic_impl@K@internal@tbb@@QAE@PDK@Z 100185a0 f i pipeline.obj
 0001:000175d0       ??0allocate_additional_child_of_proxy@internal@tbb@@QAE@AAVtask@2@@Z 100185d0 f i pipeline.obj
 0001:00017610       ??0allocate_root_with_context_proxy@internal@tbb@@QAE@AAVtask_group_context@2@@Z 10018610 f i pipeline.obj
 0001:00017640       ??0input_buffer@internal@tbb@@QAE@_N0@Z 10018640 f i pipeline.obj
 0001:00017730       ??0pipeline@tbb@@QAE@XZ    10018730 f   pipeline.obj
 0001:000177c0       ??0pipeline_cleaner@internal@tbb@@QAE@AAVpipeline@2@@Z 100187c0 f i pipeline.obj
 0001:00017800       ??0pipeline_root_task@internal@tbb@@QAE@AAVpipeline@2@@Z 10018800 f i pipeline.obj
 0001:00017970       ??0semaphore@internal@tbb@@QAE@I@Z 10018970 f i pipeline.obj
 0001:000179c0       ??0stage_task@internal@tbb@@QAE@AAVpipeline@2@@Z 100189c0 f i pipeline.obj
 0001:00017a80       ??0stage_task@internal@tbb@@QAE@AAVpipeline@2@PAVfilter@2@ABUtask_info@12@@Z 10018a80 f i pipeline.obj
 0001:00017b00       ??0task@tbb@@IAE@XZ        10018b00 f i pipeline.obj
 0001:00017b60       ??0task_base@internal@interface5@tbb@@QAE@XZ 10018b60 f i pipeline.obj
 0001:00017b90       ??0task_group_context@tbb@@QAE@W4kind_type@01@I@Z 10018b90 f i pipeline.obj
 0001:00017bf0       ??1filter@tbb@@UAE@XZ      10018bf0 f   pipeline.obj
 0001:00017d00       ??1input_buffer@internal@tbb@@QAE@XZ 10018d00 f i pipeline.obj
 0001:00017df0       ??1pipeline@tbb@@UAE@XZ    10018df0 f   pipeline.obj
 0001:00017e60       ??1pipeline_cleaner@internal@tbb@@QAE@XZ 10018e60 f i pipeline.obj
 0001:00017ef0       ??1pipeline_root_task@internal@tbb@@UAE@XZ 10018ef0 f i pipeline.obj
 0001:00017f20       ??1semaphore@internal@tbb@@QAE@XZ 10018f20 f i pipeline.obj
 0001:00017f60       ??1stage_task@internal@tbb@@UAE@XZ 10018f60 f i pipeline.obj
 0001:00018070       ??1task@tbb@@UAE@XZ        10019070 f i pipeline.obj
 0001:000180a0       ??2@YAPAXIABVallocate_additional_child_of_proxy@internal@tbb@@@Z 100190a0 f i pipeline.obj
 0001:000180c0       ??2@YAPAXIABVallocate_child_proxy@internal@tbb@@@Z 100190c0 f i pipeline.obj
 0001:000180e0       ??2@YAPAXIABVallocate_root_with_context_proxy@internal@tbb@@@Z 100190e0 f i pipeline.obj
 0001:00018100       ??3@YAXPAXABVallocate_additional_child_of_proxy@internal@tbb@@@Z 10019100 f i pipeline.obj
 0001:00018160       ??3@YAXPAXABVallocate_child_proxy@internal@tbb@@@Z 10019160 f i pipeline.obj
 0001:000181c0       ??3@YAXPAXABVallocate_root_with_context_proxy@internal@tbb@@@Z 100191c0 f i pipeline.obj
 0001:00018220       ??4?$atomic@K@tbb@@QAEKK@Z 10019220 f i pipeline.obj
 0001:00018260       ??B?$atomic_impl@K@internal@tbb@@QDEKXZ 10019260 f i pipeline.obj
 0001:000182b0       ??E?$atomic_impl_with_arithmetic@KKD@internal@tbb@@QAEKH@Z 100192b0 f i pipeline.obj
 0001:000182f0       ??E?$atomic_impl_with_arithmetic@KKD@internal@tbb@@QAEKXZ 100192f0 f i pipeline.obj
 0001:00018330       ??F?$atomic_impl_with_arithmetic@KKD@internal@tbb@@QAEKH@Z 10019330 f i pipeline.obj
 0001:00018370       ??F?$atomic_impl_with_arithmetic@KKD@internal@tbb@@QAEKXZ 10019370 f i pipeline.obj
 0001:000183b0       ??_Efilter@tbb@@UAEPAXI@Z  100193b0 f i pipeline.obj
 0001:000183b0       ??_Gfilter@tbb@@UAEPAXI@Z  100193b0 f i pipeline.obj
 0001:00018400       ??_Ginput_buffer@internal@tbb@@QAEPAXI@Z 10019400 f i pipeline.obj
 0001:00018450       ??_Epipeline@tbb@@UAEPAXI@Z 10019450 f i pipeline.obj
 0001:00018450       ??_Gpipeline@tbb@@UAEPAXI@Z 10019450 f i pipeline.obj
 0001:000184a0       ??_Gpipeline_root_task@internal@tbb@@UAEPAXI@Z 100194a0 f i pipeline.obj
 0001:000184a0       ??_Epipeline_root_task@internal@tbb@@UAEPAXI@Z 100194a0 f i pipeline.obj
 0001:000184f0       ??_Gsemaphore@internal@tbb@@QAEPAXI@Z 100194f0 f i pipeline.obj
 0001:00018540       ??_Gstage_task@internal@tbb@@UAEPAXI@Z 10019540 f i pipeline.obj
 0001:00018540       ??_Estage_task@internal@tbb@@UAEPAXI@Z 10019540 f i pipeline.obj
 0001:00018590       ??_Gtask@tbb@@UAEPAXI@Z    10019590 f i pipeline.obj
 0001:00018590       ??_Etask@tbb@@UAEPAXI@Z    10019590 f i pipeline.obj
 0001:000185e0       ?P@semaphore@internal@tbb@@QAEXXZ 100195e0 f i pipeline.obj
 0001:00018630       ?V@semaphore@internal@tbb@@QAEXXZ 10019630 f i pipeline.obj
 0001:000186d0       ?add_filter@pipeline@tbb@@QAEXAAVfilter@2@@Z 100196d0 f   pipeline.obj
 0001:00018ae0       ?allocate@?$cache_aligned_allocator@Utask_info@internal@tbb@@@tbb@@QAEPAUtask_info@internal@2@IPBX@Z 10019ae0 f i pipeline.obj
 0001:00018b20       ?allocate_additional_child_of@task_base@internal@interface5@tbb@@SA?AVallocate_additional_child_of_proxy@24@AAVtask@4@@Z 10019b20 f i pipeline.obj
 0001:00018b50       ?allocate_child@task@tbb@@QAEAAVallocate_child_proxy@internal@2@XZ 10019b50 f i pipeline.obj
 0001:00018b70       ?allocate_root@task@tbb@@SA?AVallocate_root_with_context_proxy@internal@2@AAVtask_group_context@2@@Z 10019b70 f i pipeline.obj
 0001:00018ba0       ?clear@input_buffer@internal@tbb@@QAEXPAVfilter@3@@Z 10019ba0 f i pipeline.obj
 0001:00018c70       ?clear@pipeline@tbb@@QAEXXZ 10019c70 f   pipeline.obj
 0001:00018db0       ?clear_filters@pipeline@tbb@@AAEXXZ 10019db0 f   pipeline.obj
 0001:00018e40       ?create@?$basic_tls@H@internal@tbb@@QAEHXZ 10019e40 f i pipeline.obj
 0001:00018eb0       ?create_my_tls@input_buffer@internal@tbb@@QAEXXZ 10019eb0 f i pipeline.obj
 0001:00018f20       ?create_sema@input_buffer@internal@tbb@@AAEXI@Z 10019f20 f i pipeline.obj
 0001:00019010       ?deallocate@?$cache_aligned_allocator@Utask_info@internal@tbb@@@tbb@@QAEXPAUtask_info@internal@2@I@Z 1001a010 f i pipeline.obj
 0001:00019050       ?destroy@?$basic_tls@H@internal@tbb@@QAEHXZ 1001a050 f i pipeline.obj
 0001:000190a0       ?destroy_my_tls@input_buffer@internal@tbb@@QAEXXZ 1001a0a0 f i pipeline.obj
 0001:00019100       ?execute@pipeline_root_task@internal@tbb@@EAEPAVtask@3@XZ 1001a100 f i pipeline.obj
 0001:000194c0       ?execute@stage_task@internal@tbb@@UAEPAVtask@3@XZ 1001a4c0 f   pipeline.obj
 0001:00019c40       ?fetch_and_add@?$atomic_impl_with_arithmetic@KKD@internal@tbb@@QAEKK@Z 1001ac40 f i pipeline.obj
 0001:00019c80       ?finalize@filter@tbb@@UAEXPAX@Z 1001ac80 f i pipeline.obj
 0001:00019ca0       ?free_sema@input_buffer@internal@tbb@@AAEXXZ 1001aca0 f i pipeline.obj
 0001:00019d40       ?get@?$basic_tls@H@internal@tbb@@QAEHXZ 1001ad40 f i pipeline.obj
 0001:00019d80       ?grow@input_buffer@internal@tbb@@AAEXK@Z 1001ad80 f   pipeline.obj
 0001:00019f10       ?has_item@input_buffer@internal@tbb@@QAE_NXZ 1001af10 f i pipeline.obj
 0001:00019fd0       ?has_more_work@filter@tbb@@AAE_NXZ 1001afd0 f   pipeline.obj
 0001:0001a0a0       ?init_semaphore@semaphore@internal@tbb@@AAEXI@Z 1001b0a0 f i pipeline.obj
 0001:0001a100       ?inject_token@pipeline@tbb@@AAEXAAVtask@2@@Z 1001b100 f   pipeline.obj
 0001:0001a150       ?internal_process_item@thread_bound_filter@tbb@@AAE?AW4result_type@12@_N@Z 1001b150 f   pipeline.obj
 0001:0001a500       ?is_bound@filter@tbb@@QBE_NXZ 1001b500 f i pipeline.obj
 0001:0001a550       ?is_cancelled@task@tbb@@QBE_NXZ 1001b550 f i pipeline.obj
 0001:0001a590       ?is_ordered@filter@tbb@@QBE_NXZ 1001b590 f i pipeline.obj
 0001:0001a5e0       ?is_serial@filter@tbb@@QBE_NXZ 1001b5e0 f i pipeline.obj
 0001:0001a610       ?my_tls_end_of_input@input_buffer@internal@tbb@@QAE_NXZ 1001b610 f i pipeline.obj
 0001:0001a670       ?not_in_pipeline@filter@tbb@@CAPAV12@XZ 1001b670 f i pipeline.obj
 0001:0001a680       ?object_may_be_null@filter@tbb@@QAE_NXZ 1001b680 f i pipeline.obj
 0001:0001a6d0       ?parent@task@tbb@@QBEPAV12@XZ 1001b6d0 f i pipeline.obj
 0001:0001a710       ?prefix@task@tbb@@ABEAAVtask_prefix@internal@2@PAUversion_tag_v3@42@@Z 1001b710 f i pipeline.obj
 0001:0001a740       ?process_item@thread_bound_filter@tbb@@QAE?AW4result_type@12@XZ 1001b740 f   pipeline.obj
 0001:0001a770       ?put_token@input_buffer@internal@tbb@@QAE_NAAUtask_info@23@_N@Z 1001b770 f i pipeline.obj
 0001:0001aa40       ?recycle_as_continuation@task@tbb@@QAEXXZ 1001ba40 f i pipeline.obj
 0001:0001aab0       ?remove_filter@pipeline@tbb@@AAEXAAVfilter@2@@Z 1001bab0 f   pipeline.obj
 0001:0001acf0       ?reset@stage_task@internal@tbb@@QAEXXZ 1001bcf0 f i pipeline.obj
 0001:0001ad40       ?reset@task_info@internal@tbb@@QAEXXZ 1001bd40 f i pipeline.obj
 0001:0001ad80       ?return_item@input_buffer@internal@tbb@@QAE_NAAUtask_info@23@_N@Z 1001bd80 f i pipeline.obj
 0001:0001af20       ?run@pipeline@tbb@@QAEXI@Z 1001bf20 f   pipeline.obj
 0001:0001b080       ?run@pipeline@tbb@@QAEXIAAVtask_group_context@2@@Z 1001c080 f   pipeline.obj
 0001:0001b300       ?sema_P@input_buffer@internal@tbb@@AAEXXZ 1001c300 f i pipeline.obj
 0001:0001b360       ?sema_V@input_buffer@internal@tbb@@AAEXXZ 1001c360 f i pipeline.obj
 0001:0001b3c0       ?set@?$basic_tls@H@internal@tbb@@QAEXH@Z 1001c3c0 f i pipeline.obj
 0001:0001b410       ?set_end_of_input@filter@tbb@@IAEXXZ 1001c410 f   pipeline.obj
 0001:0001b500       ?set_my_tls_end_of_input@input_buffer@internal@tbb@@QAEXXZ 1001c500 f i pipeline.obj
 0001:0001b540       ?set_ref_count@task@tbb@@QAEXH@Z 1001c540 f i pipeline.obj
 0001:0001b580       ?spawn@task_base@internal@interface5@tbb@@SAXAAVtask@4@@Z 1001c580 f i pipeline.obj
 0001:0001b5f0       ?spawn_root_and_wait@task@tbb@@SAXAAV12@@Z 1001c5f0 f i pipeline.obj
 0001:0001b660       ?spawn_stage_task@stage_task@internal@tbb@@QAEXABUtask_info@23@@Z 1001c660 f i pipeline.obj
 0001:0001b780       ?store_with_release@?$atomic_impl@K@internal@tbb@@IAEKK@Z 1001c780 f i pipeline.obj
 0001:0001b7e0       ?try_process_item@thread_bound_filter@tbb@@QAE?AW4result_type@12@XZ 1001c7e0 f   pipeline.obj
 0001:0001b810       ??$__TBB_load_with_acquire@I@internal@tbb@@YAIADI@Z 1001c810 f i queuing_mutex.obj
 0001:0001b830       ??$__TBB_store_with_release@IH@internal@tbb@@YAXACIH@Z 1001c830 f i queuing_mutex.obj
 0001:0001b860       ??$compare_and_swap@$01@?$atomic_impl@PAVscoped_lock@queuing_mutex@tbb@@@internal@tbb@@QAEPAVscoped_lock@queuing_mutex@2@PAV342@0@Z 1001c860 f i queuing_mutex.obj
 0001:0001b8c0       ??$fetch_and_store@$01@?$atomic_impl@PAVscoped_lock@queuing_mutex@tbb@@@internal@tbb@@QAEPAVscoped_lock@queuing_mutex@2@PAV342@@Z 1001c8c0 f i queuing_mutex.obj
 0001:0001b910       ??$poison_pointer@Vscoped_lock@queuing_mutex@tbb@@@internal@tbb@@YAXAAPAVscoped_lock@queuing_mutex@1@@Z 1001c910 f i queuing_mutex.obj
 0001:0001b930       ??$spin_wait_while_eq@IK@internal@tbb@@YAXADIK@Z 1001c930 f i queuing_mutex.obj
 0001:0001b9d0       ??$spin_wait_while_eq@PAVscoped_lock@queuing_mutex@tbb@@PAV123@@internal@tbb@@YAXADSAVscoped_lock@queuing_mutex@1@PAV231@@Z 1001c9d0 f i queuing_mutex.obj
 0001:0001ba70       ??$to_bits@PAVscoped_lock@queuing_mutex@tbb@@@?$atomic_impl@PAVscoped_lock@queuing_mutex@tbb@@@internal@tbb@@CAHPAVscoped_lock@queuing_mutex@2@@Z 1001ca70 f i queuing_mutex.obj
 0001:0001baa0       ??$to_value@PAVscoped_lock@queuing_mutex@tbb@@@?$atomic_impl@PAVscoped_lock@queuing_mutex@tbb@@@internal@tbb@@CAPAVscoped_lock@queuing_mutex@2@H@Z 1001caa0 f i queuing_mutex.obj
 0001:0001bb20       ??0?$converter@PAVscoped_lock@queuing_mutex@tbb@@@?$atomic_impl@PAVscoped_lock@queuing_mutex@tbb@@@internal@tbb@@QAE@PAVscoped_lock@queuing_mutex@3@@Z 1001cb20 f i queuing_mutex.obj
 0001:0001bb50       ??0?$converter@PAVscoped_lock@queuing_mutex@tbb@@@?$atomic_impl@PAVscoped_lock@queuing_mutex@tbb@@@internal@tbb@@QAE@XZ 1001cb50 f i queuing_mutex.obj
 0001:0001bc50       ?acquire@scoped_lock@queuing_mutex@tbb@@QAEXAAV23@@Z 1001cc50 f   queuing_mutex.obj
 0001:0001bdb0       ?compare_and_swap@?$atomic_traits@$03$01@internal@tbb@@SAHPCXHH@Z 1001cdb0 f i queuing_mutex.obj
 0001:0001bde0       ?fetch_and_store@?$atomic_traits@$03$01@internal@tbb@@SAHPCXH@Z 1001cde0 f i queuing_mutex.obj
 0001:0001be10       ?initialize@scoped_lock@queuing_mutex@tbb@@AAEXXZ 1001ce10 f i queuing_mutex.obj
 0001:0001be60       ?internal_construct@queuing_mutex@tbb@@QAEXXZ 1001ce60 f   queuing_mutex.obj
 0001:0001bec0       ?load_with_acquire@?$machine_load_store@I$03@internal@tbb@@SAIADI@Z 1001cec0 f i queuing_mutex.obj
 0001:0001bee0       ?release@scoped_lock@queuing_mutex@tbb@@QAEXXZ 1001cee0 f   queuing_mutex.obj
 0001:0001bff0       ?store_with_release@?$machine_load_store@I$03@internal@tbb@@SAXACII@Z 1001cff0 f i queuing_mutex.obj
 0001:0001c000       ?try_acquire@scoped_lock@queuing_mutex@tbb@@QAE_NAAV23@@Z 1001d000 f   queuing_mutex.obj
 0001:0001c0e0       ??$__TBB_load_relaxed@PAVscoped_lock@queuing_rw_mutex@tbb@@@internal@tbb@@YAPAVscoped_lock@queuing_rw_mutex@1@ADSAV231@@Z 1001d0e0 f i queuing_rw_mutex.obj
 0001:0001c100       ??$__TBB_load_with_acquire@E@internal@tbb@@YAEADE@Z 1001d100 f i queuing_rw_mutex.obj
 0001:0001c120       ??$__TBB_load_with_acquire@PAVscoped_lock@queuing_rw_mutex@tbb@@@internal@tbb@@YAPAVscoped_lock@queuing_rw_mutex@1@ADSAV231@@Z 1001d120 f i queuing_rw_mutex.obj
 0001:0001c140       ??$__TBB_store_relaxed@EH@internal@tbb@@YAXACEH@Z 1001d140 f i queuing_rw_mutex.obj
 0001:0001c170       ??$__TBB_store_relaxed@PAVscoped_lock@queuing_rw_mutex@tbb@@PAV123@@internal@tbb@@YAXACRAVscoped_lock@queuing_rw_mutex@1@PAV231@@Z 1001d170 f i queuing_rw_mutex.obj
 0001:0001c1a0       ??$__TBB_store_with_release@EE@internal@tbb@@YAXACEE@Z 1001d1a0 f i queuing_rw_mutex.obj
 0001:0001c1d0       ??$__TBB_store_with_release@EH@internal@tbb@@YAXACEH@Z 1001d1d0 f i queuing_rw_mutex.obj
 0001:0001c200       ??$__TBB_store_with_release@PAVscoped_lock@queuing_rw_mutex@tbb@@PAV123@@internal@tbb@@YAXACRAVscoped_lock@queuing_rw_mutex@1@PAV231@@Z 1001d200 f i queuing_rw_mutex.obj
 0001:0001c230       ??$as_atomic@E@internal@tbb@@YAAAU?$atomic@E@1@AAE@Z 1001d230 f i queuing_rw_mutex.obj
 0001:0001c240       ??$compare_and_swap@$00@?$atomic_impl@E@internal@tbb@@QAEEEE@Z 1001d240 f i queuing_rw_mutex.obj
 0001:0001c2b0       ??$compare_and_swap@$01@?$atomic_impl@E@internal@tbb@@QAEEEE@Z 1001d2b0 f i queuing_rw_mutex.obj
 0001:0001c320       ??$compare_and_swap@$01@?$atomic_impl@PAVscoped_lock@queuing_rw_mutex@tbb@@@internal@tbb@@QAEPAVscoped_lock@queuing_rw_mutex@2@PAV342@0@Z 1001d320 f i queuing_rw_mutex.obj
 0001:0001c380       ??$compare_and_swap@$01@?$tricky_atomic_pointer@Vscoped_lock@queuing_rw_mutex@tbb@@@tbb@@SAPAVscoped_lock@queuing_rw_mutex@1@PCRAV231@PAV231@1@Z 1001d380 f i queuing_rw_mutex.obj
 0001:0001c3b0       ??$fetch_and_add@$00@?$tricky_atomic_pointer@Vscoped_lock@queuing_rw_mutex@tbb@@@tbb@@SAPAVscoped_lock@queuing_rw_mutex@1@PCRAV231@H@Z 1001d3b0 f i queuing_rw_mutex.obj
 0001:0001c3e0       ??$fetch_and_store@$01@?$atomic_impl@PAVscoped_lock@queuing_rw_mutex@tbb@@@internal@tbb@@QAEPAVscoped_lock@queuing_rw_mutex@2@PAV342@@Z 1001d3e0 f i queuing_rw_mutex.obj
 0001:0001c430       ??$fetch_and_store@$01@?$tricky_atomic_pointer@Vscoped_lock@queuing_rw_mutex@tbb@@@tbb@@SAPAVscoped_lock@queuing_rw_mutex@1@PCRAV231@PAV231@@Z 1001d430 f i queuing_rw_mutex.obj
 0001:0001c460       ??$load@$02@?$atomic_impl@PAVscoped_lock@queuing_rw_mutex@tbb@@@internal@tbb@@QBEPAVscoped_lock@queuing_rw_mutex@2@XZ 1001d460 f i queuing_rw_mutex.obj
 0001:0001c4b0       ??$load@$02PAVscoped_lock@queuing_rw_mutex@tbb@@@tbb@@YAPAVscoped_lock@queuing_rw_mutex@0@ABU?$atomic@PAVscoped_lock@queuing_rw_mutex@tbb@@@0@@Z 1001d4b0 f i queuing_rw_mutex.obj
 0001:0001c4d0       ??$poison_pointer@Vscoped_lock@queuing_rw_mutex@tbb@@@internal@tbb@@YAXAAPAVscoped_lock@queuing_rw_mutex@1@@Z 1001d4d0 f i queuing_rw_mutex.obj
 0001:0001c4f0       ??$spin_wait_until_eq@EE@internal@tbb@@YAXADEE@Z 1001d4f0 f i queuing_rw_mutex.obj
 0001:0001c590       ??$spin_wait_until_eq@EH@internal@tbb@@YAXADEH@Z 1001d590 f i queuing_rw_mutex.obj
 0001:0001c630       ??$spin_wait_while_eq@EH@internal@tbb@@YAXADEH@Z 1001d630 f i queuing_rw_mutex.obj
 0001:0001c6d0       ??$spin_wait_while_eq@PAVscoped_lock@queuing_rw_mutex@tbb@@PAV123@@internal@tbb@@YAXADSAVscoped_lock@queuing_rw_mutex@1@PAV231@@Z 1001d6d0 f i queuing_rw_mutex.obj
 0001:0001c770       ??$spin_wait_while_eq@PAVscoped_lock@queuing_rw_mutex@tbb@@PAX@internal@tbb@@YAXADSAVscoped_lock@queuing_rw_mutex@1@PAX@Z 1001d770 f i queuing_rw_mutex.obj
 0001:0001c810       ??$to_bits@E@?$atomic_impl@E@internal@tbb@@CACE@Z 1001d810 f i queuing_rw_mutex.obj
 0001:0001c850       ??$to_bits@PAVscoped_lock@queuing_rw_mutex@tbb@@@?$atomic_impl@PAVscoped_lock@queuing_rw_mutex@tbb@@@internal@tbb@@CAHPAVscoped_lock@queuing_rw_mutex@2@@Z 1001d850 f i queuing_rw_mutex.obj
 0001:0001c880       ??$to_bits_ref@$$CDE@?$atomic_impl@E@internal@tbb@@CAAACADE@Z 1001d880 f i queuing_rw_mutex.obj
 0001:0001c8b0       ??$to_bits_ref@E@?$atomic_impl@E@internal@tbb@@CAAACAAE@Z 1001d8b0 f i queuing_rw_mutex.obj
 0001:0001c8e0       ??$to_bits_ref@QAVscoped_lock@queuing_rw_mutex@tbb@@@?$atomic_impl@PAVscoped_lock@queuing_rw_mutex@tbb@@@internal@tbb@@CAAAHABQAVscoped_lock@queuing_rw_mutex@2@@Z 1001d8e0 f i queuing_rw_mutex.obj
 0001:0001c910       ??$to_bits_ref@SAVscoped_lock@queuing_rw_mutex@tbb@@@?$atomic_impl@PAVscoped_lock@queuing_rw_mutex@tbb@@@internal@tbb@@CAAAHADSAVscoped_lock@queuing_rw_mutex@2@@Z 1001d910 f i queuing_rw_mutex.obj
 0001:0001c940       ??$to_value@E@?$atomic_impl@E@internal@tbb@@CAEC@Z 1001d940 f i queuing_rw_mutex.obj
 0001:0001c9c0       ??$to_value@PAVscoped_lock@queuing_rw_mutex@tbb@@@?$atomic_impl@PAVscoped_lock@queuing_rw_mutex@tbb@@@internal@tbb@@CAPAVscoped_lock@queuing_rw_mutex@2@H@Z 1001d9c0 f i queuing_rw_mutex.obj
 0001:0001ca40       ??0?$converter@E@?$atomic_impl@E@internal@tbb@@QAE@E@Z 1001da40 f i queuing_rw_mutex.obj
 0001:0001ca70       ??0?$converter@E@?$atomic_impl@E@internal@tbb@@QAE@XZ 1001da70 f i queuing_rw_mutex.obj
 0001:0001ca90       ??0?$converter@PAVscoped_lock@queuing_rw_mutex@tbb@@@?$atomic_impl@PAVscoped_lock@queuing_rw_mutex@tbb@@@internal@tbb@@QAE@PAVscoped_lock@queuing_rw_mutex@3@@Z 1001da90 f i queuing_rw_mutex.obj
 0001:0001cac0       ??0?$converter@PAVscoped_lock@queuing_rw_mutex@tbb@@@?$atomic_impl@PAVscoped_lock@queuing_rw_mutex@tbb@@@internal@tbb@@QAE@XZ 1001dac0 f i queuing_rw_mutex.obj
 0001:0001cae0       ??0?$ptr_converter@PAE@?$atomic_impl@E@internal@tbb@@QAE@PAE@Z 1001dae0 f i queuing_rw_mutex.obj
 0001:0001cb10       ??0?$ptr_converter@PBQAVscoped_lock@queuing_rw_mutex@tbb@@@?$atomic_impl@PAVscoped_lock@queuing_rw_mutex@tbb@@@internal@tbb@@QAE@PBQAVscoped_lock@queuing_rw_mutex@3@@Z 1001db10 f i queuing_rw_mutex.obj
 0001:0001cb40       ??0?$ptr_converter@PDE@?$atomic_impl@E@internal@tbb@@QAE@PDE@Z 1001db40 f i queuing_rw_mutex.obj
 0001:0001cb70       ??0?$ptr_converter@PDSAVscoped_lock@queuing_rw_mutex@tbb@@@?$atomic_impl@PAVscoped_lock@queuing_rw_mutex@tbb@@@internal@tbb@@QAE@PDSAVscoped_lock@queuing_rw_mutex@3@@Z 1001db70 f i queuing_rw_mutex.obj
[...]
 0003:00000fdc       ___itt_heap_free_end_ptr__3_0 10075fdc     itt_notify.obj
 0003:00000fe0       ___itt_task_begin_ex_ptr__3_0 10075fe0     itt_notify.obj
 0003:00001354       ?NumGroups@ProcessorGroupInfo@internal@tbb@@2HA 10076354     tbb_misc_ex.obj
 0003:00001358       ?msg@?1??assert_context_valid@generic_scheduler@internal@tbb@@SAXPBVtask_group_context@4@@Z@4PBDB 10076358     arena.obj
 0003:00001370       ___security_cookie_complement 10076370     MSVCRTD:gs_cookie.obj
 0003:00001374       ___security_cookie         10076374     MSVCRTD:gs_cookie.obj
 0003:00001380       __fltused                  10076380     MSVCRTD:fltused.obj
 0003:00001390       ___scrt_native_dllmain_reason 10076390     MSVCRTD:utility.obj
 0003:00001394       ?_RTC_ErrorLevels@@3PAHA   10076394     MSVCRTD:_error_.obj
 0003:000013b0       ___isa_enabled             100763b0     MSVCRTD:_cpu_disp_.obj
 0003:000013b4       ___scrt_ucrt_dll_is_in_use 100763b4     MSVCRTD:ucrt_stubs.obj
 0003:000014d0       ??_R0?AVuser_abort@tbb@@@8 100764d0     concurrent_queue.obj
 0003:000014f4       ??_R0?AVconcurrent_queue_base_v3@internal@tbb@@@8 100764f4     concurrent_queue.obj
 0003:00001534       ??_R0?AVno_copy@internal@tbb@@@8 10076534     concurrent_queue.obj
 0003:00001560       ??_R0?AVno_assign@internal@tbb@@@8 10076560     concurrent_queue.obj
 0003:0000158c       ??_R0?AVtask@tbb@@@8       1007658c     pipeline.obj
 0003:000015a8       ??_R0?AVtask_base@internal@interface5@tbb@@@8 100765a8     pipeline.obj
 0003:000015e4       ??_R0?AVpipeline@tbb@@@8   100765e4     pipeline.obj
 0003:00001604       ??_R0?AVfilter@tbb@@@8     10076604     pipeline.obj
 0003:00001624       ??_R0?AVstage_task@internal@tbb@@@8 10076624     pipeline.obj
 0003:00001654       ??_R0?AUtask_info@internal@tbb@@@8 10076654     pipeline.obj
 0003:00001680       ??_R0?AVpipeline_root_task@internal@tbb@@@8 10076680     pipeline.obj
 0003:000016b8       ??_R0?AVserver@rml@@@8     100766b8     private_server.obj
 0003:000016d8       ??_R0?AVversioned_object@rml@@@8 100766d8     private_server.obj
 0003:00001704       ??_R0?AVtbb_server@rml@internal@tbb@@@8 10076704     private_server.obj
 0003:00001738       ??_R0?AVprivate_server@rml@internal@tbb@@@8 10076738     private_server.obj
 0003:00001770       ??_R0?AVruntime_error@std@@@8 10076770     tbb_misc.obj
 0003:00001798       ??_R0?AVexception@std@@@8  10076798     tbb_misc.obj
 0003:000017bc       ??_R0?AVbad_alloc@std@@@8  100767bc     tbb_misc.obj
 0003:000017e0       ??_R0?AVbad_last_alloc@tbb@@@8 100767e0     tbb_misc.obj
 0003:00001808       ??_R0?AVinvalid_argument@std@@@8 10076808     tbb_misc.obj
 0003:00001834       ??_R0?AVlogic_error@std@@@8 10076834     tbb_misc.obj
 0003:00001858       ??_R0?AVout_of_range@std@@@8 10076858     tbb_misc.obj
 0003:00001880       ??_R0?AVrange_error@std@@@8 10076880     tbb_misc.obj
 0003:000018a4       ??_R0?AVmissing_wait@tbb@@@8 100768a4     tbb_misc.obj
 0003:000018cc       ??_R0?AVinvalid_multiple_scheduling@tbb@@@8 100768cc     tbb_misc.obj
 0003:00001904       ??_R0?AVimproper_lock@tbb@@@8 10076904     tbb_misc.obj
 0003:0000192c       ??_R0?AVlength_error@std@@@8 1007692c     tbb_misc.obj
 0003:00001954       ??_R0?AVcaptured_exception@tbb@@@8 10076954     task_group_context.obj
 0003:00001980       ??_R0?AVtbb_exception@tbb@@@8 10076980     task_group_context.obj
 0003:000019a8       ??_R0?AVmarket@internal@tbb@@@8 100769a8     market.obj
 0003:000019d0       ??_R0?AVtbb_client@rml@internal@tbb@@@8 100769d0     market.obj
 0003:00001a04       ??_R0?AVclient@rml@@@8     10076a04     market.obj
 0003:00001a24       ??_R0?AVdelegated_task@internal@interface7@tbb@@@8 10076a24     arena.obj
 0003:00001a64       ??_R0?AVempty_task@tbb@@@8 10076a64     arena.obj
 0003:00001a88       ??_R0?AVwait_task@internal@interface7@tbb@@@8 10076a88     arena.obj
 0003:00001ac4       ??_R0?AVscheduler@internal@tbb@@@8 10076ac4     scheduler.obj
 0003:00001af0       ??_R0?AVgeneric_scheduler@internal@tbb@@@8 10076af0     scheduler.obj
 0003:00001b28       ??_R0?AVjob@rml@@@8        10076b28     scheduler.obj
 0003:00001b44       ??_R0?AUscheduler_state@internal@tbb@@@8 10076b44     scheduler.obj
 0003:00001b78       ??_R0?AV?$custom_scheduler@UDefaultSchedulerTraits@internal@tbb@@@internal@tbb@@@8 10076b78     scheduler.obj
 0003:00001be0       ??_R0?AV?$custom_scheduler@UIntelSchedulerTraits@internal@tbb@@@internal@tbb@@@8 10076be0     scheduler.obj
 0003:00001c44       ??_R0?AVcontrol_storage@internal@tbb@@@8 10076c44     tbb_main.obj
 0003:00001c78       ??_R0?AVallowed_parallelism_control@internal@tbb@@@8 10076c78     tbb_main.obj
 0003:00001cc0       ??_R0?AU?$padded@Vcontrol_storage@internal@tbb@@$0IA@@internal@tbb@@@8 10076cc0     tbb_main.obj
 0003:00001d18       ??_R0?AU?$padded_base@Vcontrol_storage@internal@tbb@@$0IA@$0BA@@internal@tbb@@@8 10076d18     tbb_main.obj
 0003:00001d7c       ??_R0?AVstack_size_control@internal@tbb@@@8 10076d7c     tbb_main.obj
 0003:00001db4       ??_R0?AVconcurrent_queue_base@internal@tbb@@@8 10076db4     concurrent_queue_v2.obj
 0003:00001df0       ??_R0?AVtype_info@@@8      10076df0     MSVCRTD:std_type_info_static.obj
 0003:00001e0c       ??_R0?AVbad_array_new_length@std@@@8 10076e0c     MSVCRTD:throw_bad_alloc.obj
 0003:00001f68       ?handles@internal@tbb@@3Uhandles_t@12@A 10076f68     dynamic_link.obj
 0003:00001f8c       ?init_dl_data_state@internal@tbb@@3U?$atomic@W4do_once_state@internal@tbb@@@2@A 10076f8c     dynamic_link.obj
 0003:00003478       ?_OptionsStorage@?1??__local_stdio_printf_options@@9@4_KA 10078478     private_server.obj
 0003:000034a8       ?HoleIndex@ProcessorGroupInfo@internal@tbb@@2HA 100784a8     tbb_misc_ex.obj
 0003:000034b0       ?theProcessorGroups@internal@tbb@@3PAUProcessorGroupInfo@12@A 100784b0     tbb_misc_ex.obj
 0003:00003870       ?the_context_state_propagation_epoch@internal@tbb@@3IA 10078870     scheduler.obj
 0003:00003874       ?the_context_state_propagation_mutex@internal@tbb@@3Vspin_mutex@2@A 10078874     scheduler.obj
 0003:000039b0       ?the_global_observer_list@internal@tbb@@3U?$padded@Vobserver_list@internal@tbb@@$0IA@@12@A 100789b0     observer_proxy.obj
 0003:00003a54       ?count@__TBB_InitOnce@internal@tbb@@0U?$atomic@H@3@A 10078a54     tbb_main.obj
 0003:00003a58       ?InitializationDone@__TBB_InitOnce@internal@tbb@@0_NA 10078a58     tbb_main.obj
 0003:00003a59       ?InitializationLock@__TBB_InitOnce@internal@tbb@@0EA 10078a59     tbb_main.obj
 0003:00003a5a       ?UsePrivateRML@governor@internal@tbb@@0_NA 10078a5a     tbb_main.obj
 0003:00003a5b       ?IsBlockingTerminationInProgress@governor@internal@tbb@@0_NA 10078a5b     tbb_main.obj
 0003:00003a5c       ?theMarket@market@internal@tbb@@0PAV123@A 10078a5c     tbb_main.obj
 0003:00003a60       ?theTLS@governor@internal@tbb@@0V?$basic_tls@PAVgeneric_scheduler@internal@tbb@@@23@A 10078a60     tbb_main.obj
 0003:00003a64       ?DefaultNumberOfThreads@governor@internal@tbb@@0IA 10078a64     tbb_main.obj
 0003:00003a68       ?theRMLServerFactory@governor@internal@tbb@@0Vtbb_factory@rml@23@A 10078a68     tbb_main.obj
 0003:00003a7c       ?BlockingTSI@governor@internal@tbb@@0PBVtask_scheduler_init@3@B 10078a7c     tbb_main.obj
 0003:00003a80       ?is_speculation_enabled@governor@internal@tbb@@0_NA 10078a80     tbb_main.obj
 0003:00003a84       ?AllocateSchedulerPtr@internal@tbb@@3P6APAVgeneric_scheduler@12@PAVarena@12@I@ZA 10078a84     tbb_main.obj
 0003:00003b08       ?theMarketMutex@market@internal@tbb@@0Vspin_mutex@3@A 10078b08     tbb_main.obj
 0003:00003f90       ?__type_info_root_node@@3U__type_info_node@@A 10078f90     MSVCRTD:tncleanup.obj
 0003:00003f9c       ___scrt_current_native_startup_state 10078f9c     MSVCRTD:utility.obj
 0003:00003fa0       ___scrt_native_startup_lock 10078fa0     MSVCRTD:utility.obj
 0003:00003fd4       ___isa_available           10078fd4     MSVCRTD:_cpu_disp_.obj
 0003:00003fd8       ___favor                   10078fd8     MSVCRTD:_cpu_disp_.obj
 0003:00003fe0       ___scrt_debugger_hook_flag 10078fe0     MSVCRTD:utility_desktop.obj
 0003:00003fe8       ?_OptionsStorage@?1??__local_stdio_scanf_options@@9@4_KA 10078fe8     MSVCRTD:default_local_stdio_options.obj
 0003:00003ffc       ___dyn_tls_init_callback   10078ffc     <common>
 0004:00000000       __imp__SwitchToThread@0    1007a000     kernel32:KERNEL32.dll
 0004:00000004       __imp__CloseHandle@4       1007a004     kernel32:KERNEL32.dll
 0004:00000008       __imp__SetEvent@4          1007a008     kernel32:KERNEL32.dll
 0004:0000000c       __imp__WaitForSingleObjectEx@12 1007a00c     kernel32:KERNEL32.dll
 0004:00000010       __imp__GetLastError@0      1007a010     kernel32:KERNEL32.dll
 0004:00000014       __imp__SetErrorMode@4      1007a014     kernel32:KERNEL32.dll
 0004:00000018       __imp__FreeLibrary@4       1007a018     kernel32:KERNEL32.dll
 0004:0000001c       __imp__GetModuleFileNameA@12 1007a01c     kernel32:KERNEL32.dll
 0004:00000020       __imp__GetModuleHandleExA@12 1007a020     kernel32:KERNEL32.dll
 0004:00000024       __imp__GetProcAddress@8    1007a024     kernel32:KERNEL32.dll
 0004:00000028       __imp__LoadLibraryA@4      1007a028     kernel32:KERNEL32.dll
 0004:0000002c       __imp__GetEnvironmentVariableA@12 1007a02c     kernel32:KERNEL32.dll
 0004:00000030       __imp__InitializeCriticalSection@4 1007a030     kernel32:KERNEL32.dll
 0004:00000034       __imp__EnterCriticalSection@4 1007a034     kernel32:KERNEL32.dll
 0004:00000038       __imp__LeaveCriticalSection@4 1007a038     kernel32:KERNEL32.dll
 0004:0000003c       __imp__GetCurrentThreadId@0 1007a03c     kernel32:KERNEL32.dll
 0004:00000040       __imp__lstrcmpA@8          1007a040     kernel32:KERNEL32.dll
 0004:00000044       __imp__lstrcpynA@12        1007a044     kernel32:KERNEL32.dll
 0004:00000048       __imp__ReleaseSemaphore@12 1007a048     kernel32:KERNEL32.dll
 0004:0000004c       __imp__CreateSemaphoreExW@24 1007a04c     kernel32:KERNEL32.dll
 0004:00000050       __imp__TlsAlloc@0          1007a050     kernel32:KERNEL32.dll
 0004:00000054       __imp__TlsGetValue@4       1007a054     kernel32:KERNEL32.dll
 0004:00000058       __imp__TlsSetValue@8       1007a058     kernel32:KERNEL32.dll
 0004:0000005c       __imp__TlsFree@4           1007a05c     kernel32:KERNEL32.dll
 0004:00000060       __imp__InitializeCriticalSectionEx@12 1007a060     kernel32:KERNEL32.dll
 0004:00000064       __imp__TryEnterCriticalSection@4 1007a064     kernel32:KERNEL32.dll
 0004:00000068       __imp__DeleteCriticalSection@4 1007a068     kernel32:KERNEL32.dll
 0004:0000006c       __imp__SetLastError@4      1007a06c     kernel32:KERNEL32.dll
 0004:00000070       __imp__QueryPerformanceFrequency@4 1007a070     kernel32:KERNEL32.dll
 0004:00000074       __imp__ResetEvent@4        1007a074     kernel32:KERNEL32.dll
 0004:00000078       __imp__CreateEventExA@16   1007a078     kernel32:KERNEL32.dll
 0004:0000007c       __imp__QueryPerformanceCounter@4 1007a07c     kernel32:KERNEL32.dll
 0004:00000080       __imp__Sleep@4             1007a080     kernel32:KERNEL32.dll
 0004:00000084       __imp__ResumeThread@4      1007a084     kernel32:KERNEL32.dll
 0004:00000088       __imp__FormatMessageA@28   1007a088     kernel32:KERNEL32.dll
 0004:0000008c       __imp__GetCurrentProcess@0 1007a08c     kernel32:KERNEL32.dll
 0004:00000090       __imp__GetCurrentThread@0  1007a090     kernel32:KERNEL32.dll
 0004:00000094       __imp__GetNativeSystemInfo@4 1007a094     kernel32:KERNEL32.dll
 0004:00000098       __imp__GetProcessAffinityMask@12 1007a098     kernel32:KERNEL32.dll
 0004:0000009c       __imp__CreateEventExW@16   1007a09c     kernel32:KERNEL32.dll
 0004:000000a0       __imp__GetProcessHeap@0    1007a0a0     kernel32:KERNEL32.dll
 0004:000000a4       __imp__HeapFree@12         1007a0a4     kernel32:KERNEL32.dll
 0004:000000a8       __imp__HeapAlloc@12        1007a0a8     kernel32:KERNEL32.dll
 0004:000000ac       __imp__GetSystemTimeAsFileTime@4 1007a0ac     kernel32:KERNEL32.dll
 0004:000000b0       __imp__GetCurrentProcessId@0 1007a0b0     kernel32:KERNEL32.dll
 0004:000000b4       __imp__GetModuleHandleW@4  1007a0b4     kernel32:KERNEL32.dll
 0004:000000b8       __imp__GetStartupInfoW@4   1007a0b8     kernel32:KERNEL32.dll
 0004:000000bc       __imp__WideCharToMultiByte@32 1007a0bc     kernel32:KERNEL32.dll
 0004:000000c0       __imp__MultiByteToWideChar@24 1007a0c0     kernel32:KERNEL32.dll
 0004:000000c4       __imp__RaiseException@16   1007a0c4     kernel32:KERNEL32.dll
 0004:000000c8       __imp__IsDebuggerPresent@0 1007a0c8     kernel32:KERNEL32.dll
 0004:000000cc       __imp__InitializeSListHead@4 1007a0cc     kernel32:KERNEL32.dll
 0004:000000d0       __imp__IsProcessorFeaturePresent@4 1007a0d0     kernel32:KERNEL32.dll
 0004:000000d4       __imp__TerminateProcess@8  1007a0d4     kernel32:KERNEL32.dll
 0004:000000d8       __imp__SetUnhandledExceptionFilter@4 1007a0d8     kernel32:KERNEL32.dll
 0004:000000dc       __imp__UnhandledExceptionFilter@4 1007a0dc     kernel32:KERNEL32.dll
 0004:000000e0       __imp__VirtualQuery@12     1007a0e0     kernel32:KERNEL32.dll
 0004:000000e4       \177KERNEL32_NULL_THUNK_DATA 1007a0e4     kernel32:KERNEL32.dll
 0004:0000013c       __imp_?__ExceptionPtrRethrow@@YAXPBX@Z 1007a13c     msvcprtd:MSVCP140D.dll
 0004:00000140       __imp_?__ExceptionPtrCopyException@@YAXPAXPBX1@Z 1007a140     msvcprtd:MSVCP140D.dll
 0004:00000144       __imp_?__ExceptionPtrCurrentException@@YAXPAX@Z 1007a144     msvcprtd:MSVCP140D.dll
 0004:00000148       __imp_?__ExceptionPtrCopy@@YAXPAXPBX@Z 1007a148     msvcprtd:MSVCP140D.dll
 0004:0000014c       __imp_?__ExceptionPtrDestroy@@YAXPAX@Z 1007a14c     msvcprtd:MSVCP140D.dll
 0004:00000150       __imp_?__ExceptionPtrCreate@@YAXPAX@Z 1007a150     msvcprtd:MSVCP140D.dll
 0004:00000154       __imp_?_Debug_message@std@@YAXPB_W0I@Z 1007a154     msvcprtd:MSVCP140D.dll
 0004:00000158       __imp_??1_Lockit@std@@QAE@XZ 1007a158     msvcprtd:MSVCP140D.dll
 0004:0000015c       __imp_??0_Lockit@std@@QAE@H@Z 1007a15c     msvcprtd:MSVCP140D.dll
 0004:00000160       __imp_?_Xlength_error@std@@YAXPBD@Z 1007a160     msvcprtd:MSVCP140D.dll
 0004:00000164       \177MSVCP140D_NULL_THUNK_DATA 1007a164     msvcprtd:MSVCP140D.dll
 0004:00000198       __imp____vcrt_LoadLibraryExW 1007a198     vcruntimed:VCRUNTIME140D.dll
 0004:0000019c       __imp____vcrt_GetModuleHandleW 1007a19c     vcruntimed:VCRUNTIME140D.dll
 0004:000001a0       __imp____vcrt_GetModuleFileNameW 1007a1a0     vcruntimed:VCRUNTIME140D.dll
 0004:000001a4       __imp___except_handler4_common 1007a1a4     vcruntimed:VCRUNTIME140D.dll
 0004:000001a8       __imp____std_type_info_destroy_list 1007a1a8     vcruntimed:VCRUNTIME140D.dll
 0004:000001ac       __imp____std_exception_copy 1007a1ac     vcruntimed:VCRUNTIME140D.dll
 0004:000001b0       __imp__memcpy              1007a1b0     vcruntimed:VCRUNTIME140D.dll
 0004:000001b4       __imp____RTDynamicCast     1007a1b4     vcruntimed:VCRUNTIME140D.dll
 0004:000001b8       __imp____std_type_info_name 1007a1b8     vcruntimed:VCRUNTIME140D.dll
 0004:000001bc       __imp____RTtypeid          1007a1bc     vcruntimed:VCRUNTIME140D.dll
 0004:000001c0       __imp____std_exception_destroy 1007a1c0     vcruntimed:VCRUNTIME140D.dll
 0004:000001c4       __imp___purecall           1007a1c4     vcruntimed:VCRUNTIME140D.dll
 0004:000001c8       __imp__memset              1007a1c8     vcruntimed:VCRUNTIME140D.dll
 0004:000001cc       __imp___CxxThrowException@8 1007a1cc     vcruntimed:VCRUNTIME140D.dll
 0004:000001d0       __imp____CxxFrameHandler3  1007a1d0     vcruntimed:VCRUNTIME140D.dll
 0004:000001d4       __imp__strrchr             1007a1d4     vcruntimed:VCRUNTIME140D.dll
 0004:000001d8       __imp__memmove             1007a1d8     vcruntimed:VCRUNTIME140D.dll
 0004:000001dc       \177VCRUNTIME140D_NULL_THUNK_DATA 1007a1dc     vcruntimed:VCRUNTIME140D.dll
 0004:00000214       __imp__strcmp              1007a214     ucrtd:ucrtbased.dll
 0004:00000218       __imp__strerror            1007a218     ucrtd:ucrtbased.dll
 0004:0000021c       __imp___CrtDbgReport       1007a21c     ucrtd:ucrtbased.dll
 0004:00000220       __imp__terminate           1007a220     ucrtd:ucrtbased.dll
 0004:00000224       __imp___callnewh           1007a224     ucrtd:ucrtbased.dll
 0004:00000228       __imp____stdio_common_vsprintf 1007a228     ucrtd:ucrtbased.dll
 0004:0000022c       __imp___seh_filter_dll     1007a22c     ucrtd:ucrtbased.dll
 0004:00000230       __imp___configure_narrow_argv 1007a230     ucrtd:ucrtbased.dll
 0004:00000234       __imp___initialize_narrow_environment 1007a234     ucrtd:ucrtbased.dll
 0004:00000238       __imp___initialize_onexit_table 1007a238     ucrtd:ucrtbased.dll
 0004:0000023c       __imp___register_onexit_function 1007a23c     ucrtd:ucrtbased.dll
 0004:00000240       __imp___execute_onexit_table 1007a240     ucrtd:ucrtbased.dll
 0004:00000244       __imp___crt_atexit         1007a244     ucrtd:ucrtbased.dll
 0004:00000248       __imp___crt_at_quick_exit  1007a248     ucrtd:ucrtbased.dll
 0004:0000024c       __imp___cexit              1007a24c     ucrtd:ucrtbased.dll
 0004:00000250       __imp___free_dbg           1007a250     ucrtd:ucrtbased.dll
 0004:00000254       __imp___initterm           1007a254     ucrtd:ucrtbased.dll
 0004:00000258       __imp___initterm_e         1007a258     ucrtd:ucrtbased.dll
 0004:0000025c       __imp____stdio_common_vsprintf_s 1007a25c     ucrtd:ucrtbased.dll
 0004:00000260       __imp___wmakepath_s        1007a260     ucrtd:ucrtbased.dll
 0004:00000264       __imp___wsplitpath_s       1007a264     ucrtd:ucrtbased.dll
 0004:00000268       __imp__wcscpy_s            1007a268     ucrtd:ucrtbased.dll
 0004:0000026c       __imp__fputs               1007a26c     ucrtd:ucrtbased.dll
 0004:00000270       __imp__getenv              1007a270     ucrtd:ucrtbased.dll
 0004:00000274       __imp____stdio_common_vfprintf 1007a274     ucrtd:ucrtbased.dll
 0004:00000278       __imp____acrt_iob_func     1007a278     ucrtd:ucrtbased.dll
 0004:0000027c       __imp__exit                1007a27c     ucrtd:ucrtbased.dll
 0004:00000280       __imp___errno              1007a280     ucrtd:ucrtbased.dll
 0004:00000284       __imp___beginthreadex      1007a284     ucrtd:ucrtbased.dll
 0004:00000288       __imp__free                1007a288     ucrtd:ucrtbased.dll
 0004:0000028c       __imp__malloc              1007a28c     ucrtd:ucrtbased.dll
 0004:00000290       __imp___strdup             1007a290     ucrtd:ucrtbased.dll
 0004:00000294       __imp__wcscmp              1007a294     ucrtd:ucrtbased.dll
 0004:00000298       __imp___wcsdup             1007a298     ucrtd:ucrtbased.dll
 0004:0000029c       __imp__strncpy             1007a29c     ucrtd:ucrtbased.dll
 0004:000002a0       __imp__strlen              1007a2a0     ucrtd:ucrtbased.dll
 0004:000002a4       __imp___CrtDbgReportW      1007a2a4     ucrtd:ucrtbased.dll
 0004:000002a8       __imp___invalid_parameter  1007a2a8     ucrtd:ucrtbased.dll
 0004:000002ac       __imp___except1            1007a2ac     ucrtd:ucrtbased.dll
 0004:000002b0       \177ucrtbased_NULL_THUNK_DATA 1007a2b0     ucrtd:ucrtbased.dll
 0004:000002f8       __IMPORT_DESCRIPTOR_KERNEL32 1007a2f8     kernel32:KERNEL32.dll
 0004:0000030c       __IMPORT_DESCRIPTOR_MSVCP140D 1007a30c     msvcprtd:MSVCP140D.dll
 0004:00000320       __IMPORT_DESCRIPTOR_VCRUNTIME140D 1007a320     vcruntimed:VCRUNTIME140D.dll
 0004:00000334       __IMPORT_DESCRIPTOR_ucrtbased 1007a334     ucrtd:ucrtbased.dll
 0004:00000348       __NULL_IMPORT_DESCRIPTOR   1007a348     kernel32:KERNEL32.dll
 0006:00000000       ___guard_check_icall_fptr  1007d000     MSVCRTD:guard_support.obj
